Archive member included to satisfy reference by file (symbol)

c:/program files/microchip/xc32/v3.01/bin/bin/../../lib/gcc/pic32mx/8.3.1/micromips\libgcc.a(floatunsidf.o)
                              build/default/debug/mcc_generated_files/uart3.o (__floatunsidf)
c:/program files/microchip/xc32/v3.01/bin/bin/../../lib/gcc/pic32mx/8.3.1/../../../../pic32mx/lib/micromips\libpic32.a(memcpy.o)
                              build/default/debug/mcc_generated_files/usb/usb_host_hid_parser.o (memcpy)
c:/program files/microchip/xc32/v3.01/bin/bin/../../lib/gcc/pic32mx/8.3.1/../../../../pic32mx/lib/micromips\libpic32.a(memset.o)
                              build/default/debug/mcc_generated_files/usb/usb_host_hid_parser.o (memset)
c:/program files/microchip/xc32/v3.01/bin/bin/../../lib/gcc/pic32mx/8.3.1/../../../../pic32mx/lib/micromips\libpic32.a(strcpy.o)
                              build/default/debug/mcc_generated_files/uart3.o (strcpy)
c:/program files/microchip/xc32/v3.01/bin/bin/../../lib/gcc/pic32mx/8.3.1/../../../../pic32mx/lib/micromips\libpic32.a(strlen.o)
                              build/default/debug/mcc_generated_files/uart3.o (strlen)
c:/program files/microchip/xc32/v3.01/bin/bin/../../lib/gcc/pic32mx/8.3.1/../../../../pic32mx/lib/micromips\libpic32.a(default-bootstrap-exception-handler.o)
                              C:\Users\GHARAEI\AppData\Local\Temp\cckck4Xc.o (_bootstrap_exception_handler)
c:/program files/microchip/xc32/v3.01/bin/bin/../../lib/gcc/pic32mx/8.3.1/../../../../pic32mx/lib/micromips\libpic32.a(default-on-reset.o)
                              C:\Users\GHARAEI\AppData\Local\Temp\cckck4Xc.o (_on_reset)
c:/program files/microchip/xc32/v3.01/bin/bin/../../lib/gcc/pic32mx/8.3.1/../../../../pic32mx/lib/micromips\libpic32.a(default-on-bootstrap.o)
                              C:\Users\GHARAEI\AppData\Local\Temp\cckck4Xc.o (_on_bootstrap)
c:/program files/microchip/xc32/v3.01/bin/bin/../../lib/gcc/pic32mx/8.3.1/../../../../pic32mx/lib/micromips\libpic32.a(default-nmi-handler.o)
                              C:\Users\GHARAEI\AppData\Local\Temp\cckck4Xc.o (_nmi_handler)
c:/program files/microchip/xc32/v3.01/bin/bin/../../lib/gcc/pic32mx/8.3.1/../../../../pic32mx/lib/micromips\libpic32.a(pic32_data_init.o)
                              C:\Users\GHARAEI\AppData\Local\Temp\cckck4Xc.o (__pic32_data_init)
c:/program files/microchip/xc32/v3.01/bin/bin/../../lib/gcc/pic32mx/8.3.1/../../../../pic32mx/lib/micromips\libpic32.a(general-exception.o)
                              C:\Users\GHARAEI\AppData\Local\Temp\cckck4Xc.o (_general_exception_context)
c:/program files/microchip/xc32/v3.01/bin/bin/../../lib/gcc/pic32mx/8.3.1/../../../../pic32mx/lib/micromips\libpic32.a(vector0.o)
                              C:\Users\GHARAEI\AppData\Local\Temp\ccuSAJ3O.o (__vector_dispatch_0)
c:/program files/microchip/xc32/v3.01/bin/bin/../../lib/gcc/pic32mx/8.3.1/../../../../pic32mx/lib/micromips\libpic32.a(vector1.o)
                              C:\Users\GHARAEI\AppData\Local\Temp\ccuSAJ3O.o (__vector_dispatch_1)
c:/program files/microchip/xc32/v3.01/bin/bin/../../lib/gcc/pic32mx/8.3.1/../../../../pic32mx/lib/micromips\libpic32.a(vector2.o)
                              C:\Users\GHARAEI\AppData\Local\Temp\ccuSAJ3O.o (__vector_dispatch_2)
c:/program files/microchip/xc32/v3.01/bin/bin/../../lib/gcc/pic32mx/8.3.1/../../../../pic32mx/lib/micromips\libpic32.a(vector3.o)
                              C:\Users\GHARAEI\AppData\Local\Temp\ccuSAJ3O.o (__vector_dispatch_3)
c:/program files/microchip/xc32/v3.01/bin/bin/../../lib/gcc/pic32mx/8.3.1/../../../../pic32mx/lib/micromips\libpic32.a(vector4.o)
                              C:\Users\GHARAEI\AppData\Local\Temp\ccuSAJ3O.o (__vector_dispatch_4)
c:/program files/microchip/xc32/v3.01/bin/bin/../../lib/gcc/pic32mx/8.3.1/../../../../pic32mx/lib/micromips\libpic32.a(vector6.o)
                              C:\Users\GHARAEI\AppData\Local\Temp\ccuSAJ3O.o (__vector_dispatch_6)
c:/program files/microchip/xc32/v3.01/bin/bin/../../lib/gcc/pic32mx/8.3.1/../../../../pic32mx/lib/micromips\libpic32.a(vector8.o)
                              C:\Users\GHARAEI\AppData\Local\Temp\ccuSAJ3O.o (__vector_dispatch_8)
c:/program files/microchip/xc32/v3.01/bin/bin/../../lib/gcc/pic32mx/8.3.1/../../../../pic32mx/lib/micromips\libpic32.a(vector9.o)
                              C:\Users\GHARAEI\AppData\Local\Temp\ccuSAJ3O.o (__vector_dispatch_9)
c:/program files/microchip/xc32/v3.01/bin/bin/../../lib/gcc/pic32mx/8.3.1/../../../../pic32mx/lib/micromips\libpic32.a(vector10.o)
                              C:\Users\GHARAEI\AppData\Local\Temp\ccuSAJ3O.o (__vector_dispatch_10)
c:/program files/microchip/xc32/v3.01/bin/bin/../../lib/gcc/pic32mx/8.3.1/../../../../pic32mx/lib/micromips\libpic32.a(vector11.o)
                              C:\Users\GHARAEI\AppData\Local\Temp\ccuSAJ3O.o (__vector_dispatch_11)
[...]
Memory Configuration

Name             Origin             Length             Attributes
kseg0_data_mem   0x0000000080000000 0x0000000000008000 w !x
kseg1_data_mem   0x00000000a0000000 0x0000000000000200
kseg0_boot_mem   0x000000009fc00490 0x0000000000000000
kseg1_boot_mem   0x00000000bfc00000 0x0000000000000490
kseg0_program_mem 0x000000009d000000 0x0000000000040000 xr
debug_exec_mem   0x000000009fc00490 0x0000000000000760
config_BFC01744  0x00000000bfc01744 0x0000000000000004
config_BFC01748  0x00000000bfc01748 0x0000000000000004
config_BFC0174C  0x00000000bfc0174c 0x0000000000000004
config_BFC01750  0x00000000bfc01750 0x0000000000000004
config_BFC01754  0x00000000bfc01754 0x0000000000000004
config_BFC01758  0x00000000bfc01758 0x0000000000000004
config_BFC01760  0x00000000bfc01760 0x0000000000000004
config_BFC017C4  0x00000000bfc017c4 0x0000000000000004
config_BFC017C8  0x00000000bfc017c8 0x0000000000000004
config_BFC017CC  0x00000000bfc017cc 0x0000000000000004
config_BFC017D0  0x00000000bfc017d0 0x0000000000000004
config_BFC017D4  0x00000000bfc017d4 0x0000000000000004
config_BFC017D8  0x00000000bfc017d8 0x0000000000000004
config_BFC017E0  0x00000000bfc017e0 0x0000000000000004
sfrs             0x00000000bf800000 0x0000000000100000
configsfrs_BFC01740 0x00000000bfc01740 0x000000000000001c
configsfrs_BFC017C0 0x00000000bfc017c0 0x000000000000001c
*default*        0x0000000000000000 0xffffffffffffffff

Linker script and memory map


reserve_data_0_kseg0
                0x0000000080000000      0x200
                0x0000000080000000        0x2 SHORT 0x0
                0x00000000000001fd                . = 0x1fd
 *fill*         0x0000000080000002      0x1fb 
                0x0000000080000200                . = ALIGN (0x4)
 *fill*         0x00000000800001fd        0x3 

reserve_data_0_kseg1
                0x00000000a0000000      0x200
                0x00000000a0000000        0x2 SHORT 0x0
                0x00000000000001fd                . = 0x1fd
 *fill*         0x00000000a0000002      0x1fb 
                0x00000000a0000200                . = ALIGN (0x4)
 *fill*         0x00000000a00001fd        0x3 

reserve_boot_0x1fc00490_kseg0
                0x000000009fc00490     0x1270
                0x000000009fc00490        0x2 SHORT 0x0
                0x0000000000000760                . = 0x760
 *fill*         0x000000009fc00492      0x75e 
                0x000000009fc00bf0                . = ALIGN (0x4)
                0x000000009fc00bf0        0x2 SHORT 0x0
                0x0000000000001270                . = 0x1270
 *fill*         0x000000009fc00bf2      0xb0e 
                0x000000009fc01700                . = ALIGN (0x4)

reserve_boot_0x1fc00490_kseg1
                0x00000000bfc00490     0x1270
                0x00000000bfc00490        0x2 SHORT 0x0
                0x0000000000000760                . = 0x760
 *fill*         0x00000000bfc00492      0x75e 
                0x00000000bfc00bf0                . = ALIGN (0x4)
                0x00000000bfc00bf0        0x2 SHORT 0x0
                0x0000000000001270                . = 0x1270
 *fill*         0x00000000bfc00bf2      0xb0e 
                0x00000000bfc01700                . = ALIGN (0x4)
LOAD c:/program files/microchip/xc32/v3.01/bin/bin/../../lib/gcc/pic32mx/8.3.1/../../../../pic32mx/lib/micromips\software-debug-break.o
LOAD build/default/debug/mcc_generated_files/usb/usb_host.o
LOAD build/default/debug/mcc_generated_files/usb/usb_host_hid.o
LOAD build/default/debug/mcc_generated_files/usb/usb_host_hid_parser.o
LOAD build/default/debug/mcc_generated_files/usb/usb_host_config.o
LOAD build/default/debug/mcc_generated_files/usb/usb_host_events.o
LOAD build/default/debug/mcc_generated_files/system.o
LOAD build/default/debug/mcc_generated_files/clock.o
LOAD build/default/debug/mcc_generated_files/exceptions.o
LOAD build/default/debug/mcc_generated_files/interrupt_manager.o
LOAD build/default/debug/mcc_generated_files/mcc.o
LOAD build/default/debug/mcc_generated_files/pin_manager.o
LOAD build/default/debug/mcc_generated_files/rtcc.o
LOAD build/default/debug/mcc_generated_files/adc1.o
LOAD build/default/debug/mcc_generated_files/ext_int.o
LOAD build/default/debug/mcc_generated_files/spi2.o
LOAD build/default/debug/mcc_generated_files/tmr1.o
LOAD build/default/debug/mcc_generated_files/uart2.o
LOAD build/default/debug/mcc_generated_files/uart3.o
LOAD build/default/debug/main.o
LOAD build/default/debug/init.o
LOAD build/default/debug/display.o
LOAD build/default/debug/adc.o
LOAD build/default/debug/mcc_generated_files/memory/flash.o
                0x0000000000000001                __MPLAB_BUILD = 0x1
                0x0000000000000001                __MPLAB_DEBUG = 0x1
                0x0000000000000001                __DEBUG = 0x1
                0x0000000000000001                __MPLAB_DEBUGGER_PK3 = 0x1
                0x0000000000000400                _min_heap_size = 0x400
                0x0000000000000400                _min_stack_size = 0x400
LOAD C:\Users\GHARAEI\AppData\Local\Temp\cckck4Xc.o
LOAD C:\Users\GHARAEI\AppData\Local\Temp\cclb9COX.o
LOAD C:\Users\GHARAEI\AppData\Local\Temp\ccuSAJ3O.o
LOAD c:/program files/microchip/xc32/v3.01/bin/bin/../../lib/gcc/pic32mx/8.3.1/../../../../pic32mx/lib/micromips\pic32_software_reset.o
LOAD c:/program files/microchip/xc32/v3.01/bin/bin/../../lib/gcc/pic32mx/8.3.1/micromips\libgcc.a
START GROUP
LOAD c:/program files/microchip/xc32/v3.01/bin/bin/../../lib/gcc/pic32mx/8.3.1/../../../../pic32mx/lib/micromips\libpic32.a
LOAD c:/program files/microchip/xc32/v3.01/bin/bin/../../lib/gcc/pic32mx/8.3.1/../../../../pic32mx/lib/micromips\libdebug.a
LOAD c:/program files/microchip/xc32/v3.01/bin/bin/../../lib/gcc/pic32mx/8.3.1/../../../../pic32mx/lib/micromips\liblega-c.a
LOAD c:/program files/microchip/xc32/v3.01/bin/bin/../../lib/gcc/pic32mx/8.3.1/../../../../pic32mx/lib/micromips\libm.a
LOAD c:/program files/microchip/xc32/v3.01/bin/bin/../../lib/gcc/pic32mx/8.3.1/../../../../pic32mx/lib/micromips\libe.a
LOAD c:/program files/microchip/xc32/v3.01/bin/bin/../../lib/gcc/pic32mx/8.3.1/../../../../pic32mx/lib/micromips\libdsp.a
LOAD c:/program files/microchip/xc32/v3.01/bin/bin/../../lib/gcc/pic32mx/8.3.1/micromips\libgcc.a
LOAD c:/program files/microchip/xc32/v3.01/bin/bin/../../lib/gcc/pic32mx/8.3.1/../../../../pic32mx/lib/micromips\libpic32.a
END GROUP
LOAD c:/program files/microchip/xc32/v3.01/bin/bin/../../lib/gcc/pic32mx/8.3.1/micromips\libgcc.a
                [!provide]                        PROVIDE (_min_stack_size = 0x400)
                0x0000000000000001                PROVIDE (_vector_spacing = 0x1)
                0x000000009d000000                PROVIDE (_ebase_address = 0x9d000000)
                0x00000000bfc00000                _RESET_ADDR = 0xbfc00000
                0x00000000bfc00380                _BEV_EXCPT_ADDR = 0xbfc00380
                0x00000000bfc00480                _DBG_EXCPT_ADDR = 0xbfc00480
                0x000000009fc00490                _DBG_CODE_ADDR = 0x9fc00490
                0x0000000000000760                _DBG_CODE_SIZE = 0x760
                0x000000009d000000                _SIMPLE_TLB_REFILL_EXCPT_ADDR = (_ebase_address + 0x0)
                0x000000009d000180                _GEN_EXCPT_ADDR = (_ebase_address + 0x180)

.config_BFC01744
 *(.config_BFC01744)

.config_BFC01748
 *(.config_BFC01748)

.config_BFC0174C
 *(.config_BFC0174C)

.config_BFC01750
 *(.config_BFC01750)

.config_BFC01754
 *(.config_BFC01754)

.config_BFC01758
 *(.config_BFC01758)

.config_BFC01760
 *(.config_BFC01760)

.config_BFC017C4
 *(.config_BFC017C4)

.config_BFC017C8
 *(.config_BFC017C8)

.config_BFC017CC
 *(.config_BFC017CC)

.config_BFC017D0
 *(.config_BFC017D0)

.config_BFC017D4
 *(.config_BFC017D4)

.config_BFC017D8
 *(.config_BFC017D8)

.config_BFC017E0
 *(.config_BFC017E0)

.reset          0x00000000bfc00000      0x164
 *(.reset)
 .reset         0x00000000bfc00000        0x8 C:\Users\GHARAEI\AppData\Local\Temp\cckck4Xc.o
                0x00000000bfc00001                _reset
 *(.reset.startup)
 .reset.startup
                0x00000000bfc00008      0x15c C:\Users\GHARAEI\AppData\Local\Temp\cckck4Xc.o
                0x00000000bfc00009                _startup

.bev_excpt      0x00000000bfc00380        0xc
 *(.bev_handler)
 .bev_handler   0x00000000bfc00380        0xc C:\Users\GHARAEI\AppData\Local\Temp\cckck4Xc.o

.dbg_excpt      0x00000000bfc00480        0x0
                0x00000000bfc00480                . = (. + DEFINED (_DEBUGGER)?0x8:0x0)

.dbg_code       0x000000009fc00490        0x0
                0x000000009fc00490                . = (. + DEFINED (_DEBUGGER)?_DBG_CODE_SIZE:0x0)

.app_excpt      0x000000009d000180        0xc
 *(.gen_handler)
 .gen_handler   0x000000009d000180        0xc C:\Users\GHARAEI\AppData\Local\Temp\cckck4Xc.o

.vector_0       0x000000009d000200        0x8
 *(.vector_0)
 .vector_0      0x000000009d000200        0x8 c:/program files/microchip/xc32/v3.01/bin/bin/../../lib/gcc/pic32mx/8.3.1/../../../../pic32mx/lib/micromips\libpic32.a(vector0.o)
                0x000000009d000201                __vector_dispatch_0
                0x0000000000000001                ASSERT (((_vector_spacing == 0x0) || (SIZEOF (.vector_0) <= (_vector_spacing << 0x3))), function at exception vector 0 too large)

.vector_1       0x000000009d000208        0x8
 *(.vector_1)
 .vector_1      0x000000009d000208        0x8 c:/program files/microchip/xc32/v3.01/bin/bin/../../lib/gcc/pic32mx/8.3.1/../../../../pic32mx/lib/micromips\libpic32.a(vector1.o)
                0x000000009d000209                __vector_dispatch_1
                0x0000000000000001                ASSERT (((_vector_spacing == 0x0) || (SIZEOF (.vector_1) <= (_vector_spacing << 0x3))), function at exception vector 1 too large)

.vector_2       0x000000009d000210        0x8
 *(.vector_2)
 .vector_2      0x000000009d000210        0x8 c:/program files/microchip/xc32/v3.01/bin/bin/../../lib/gcc/pic32mx/8.3.1/../../../../pic32mx/lib/micromips\libpic32.a(vector2.o)
                0x000000009d000211                __vector_dispatch_2
                0x0000000000000001                ASSERT (((_vector_spacing == 0x0) || (SIZEOF (.vector_2) <= (_vector_spacing << 0x3))), function at exception vector 2 too large)

.vector_3       0x000000009d000218        0x8
 *(.vector_3)
 .vector_3      0x000000009d000218        0x8 c:/program files/microchip/xc32/v3.01/bin/bin/../../lib/gcc/pic32mx/8.3.1/../../../../pic32mx/lib/micromips\libpic32.a(vector3.o)
                0x000000009d000219                __vector_dispatch_3
                0x0000000000000001                ASSERT (((_vector_spacing == 0x0) || (SIZEOF (.vector_3) <= (_vector_spacing << 0x3))), function at exception vector 3 too large)

.vector_4       0x000000009d000220        0x8
 *(.vector_4)
 .vector_4      0x000000009d000220        0x8 c:/program files/microchip/xc32/v3.01/bin/bin/../../lib/gcc/pic32mx/8.3.1/../../../../pic32mx/lib/micromips\libpic32.a(vector4.o)
                0x000000009d000221                __vector_dispatch_4
                0x0000000000000001                ASSERT (((_vector_spacing == 0x0) || (SIZEOF (.vector_4) <= (_vector_spacing << 0x3))), function at exception vector 4 too large)

.vector_5       0x000000009d000228        0x8
 *(.vector_5)
 .vector_5      0x000000009d000228        0x8 build/default/debug/mcc_generated_files/ext_int.o
                0x000000009d000229                __vector_dispatch_5
                0x0000000000000001                ASSERT (((_vector_spacing == 0x0) || (SIZEOF (.vector_5) <= (_vector_spacing << 0x3))), function at exception vector 5 too large)

.vector_6       0x000000009d000230        0x8
 *(.vector_6)
 .vector_6      0x000000009d000230        0x8 c:/program files/microchip/xc32/v3.01/bin/bin/../../lib/gcc/pic32mx/8.3.1/../../../../pic32mx/lib/micromips\libpic32.a(vector6.o)
                0x000000009d000231                __vector_dispatch_6
                0x0000000000000001                ASSERT (((_vector_spacing == 0x0) || (SIZEOF (.vector_6) <= (_vector_spacing << 0x3))), function at exception vector 6 too large)

.vector_7       0x000000009d000238        0x8
 *(.vector_7)
 .vector_7      0x000000009d000238        0x8 build/default/debug/mcc_generated_files/ext_int.o
                0x000000009d000239                __vector_dispatch_7
                0x0000000000000001                ASSERT (((_vector_spacing == 0x0) || (SIZEOF (.vector_7) <= (_vector_spacing << 0x3))), function at exception vector 7 too large)

.vector_8       0x000000009d000240        0x8
 *(.vector_8)
 .vector_8      0x000000009d000240        0x8 c:/program files/microchip/xc32/v3.01/bin/bin/../../lib/gcc/pic32mx/8.3.1/../../../../pic32mx/lib/micromips\libpic32.a(vector8.o)
                0x000000009d000241                __vector_dispatch_8
                0x0000000000000001                ASSERT (((_vector_spacing == 0x0) || (SIZEOF (.vector_8) <= (_vector_spacing << 0x3))), function at exception vector 8 too large)

.vector_9       0x000000009d000248        0x8
 *(.vector_9)
 .vector_9      0x000000009d000248        0x8 c:/program files/microchip/xc32/v3.01/bin/bin/../../lib/gcc/pic32mx/8.3.1/../../../../pic32mx/lib/micromips\libpic32.a(vector9.o)
                0x000000009d000249                __vector_dispatch_9
                0x0000000000000001                ASSERT (((_vector_spacing == 0x0) || (SIZEOF (.vector_9) <= (_vector_spacing << 0x3))), function at exception vector 9 too large)

.vector_10      0x000000009d000250        0x8
 *(.vector_10)
 .vector_10     0x000000009d000250        0x8 c:/program files/microchip/xc32/v3.01/bin/bin/../../lib/gcc/pic32mx/8.3.1/../../../../pic32mx/lib/micromips\libpic32.a(vector10.o)
                0x000000009d000251                __vector_dispatch_10
                0x0000000000000001                ASSERT (((_vector_spacing == 0x0) || (SIZEOF (.vector_10) <= (_vector_spacing << 0x3))), function at exception vector 10 too large)

.vector_11      0x000000009d000258        0x8
 *(.vector_11)
 .vector_11     0x000000009d000258        0x8 c:/program files/microchip/xc32/v3.01/bin/bin/../../lib/gcc/pic32mx/8.3.1/../../../../pic32mx/lib/micromips\libpic32.a(vector11.o)
                0x000000009d000259                __vector_dispatch_11
                0x0000000000000001                ASSERT (((_vector_spacing == 0x0) || (SIZEOF (.vector_11) <= (_vector_spacing << 0x3))), function at exception vector 11 too large)

.vector_12      0x000000009d000260        0x8
 *(.vector_12)
 .vector_12     0x000000009d000260        0x8 c:/program files/microchip/xc32/v3.01/bin/bin/../../lib/gcc/pic32mx/8.3.1/../../../../pic32mx/lib/micromips\libpic32.a(vector12.o)
                0x000000009d000261                __vector_dispatch_12
                0x0000000000000001                ASSERT (((_vector_spacing == 0x0) || (SIZEOF (.vector_12) <= (_vector_spacing << 0x3))), function at exception vector 12 too large)

.vector_13      0x000000009d000268        0x8
 *(.vector_13)
 .vector_13     0x000000009d000268        0x8 c:/program files/microchip/xc32/v3.01/bin/bin/../../lib/gcc/pic32mx/8.3.1/../../../../pic32mx/lib/micromips\libpic32.a(vector13.o)
                0x000000009d000269                __vector_dispatch_13
                0x0000000000000001                ASSERT (((_vector_spacing == 0x0) || (SIZEOF (.vector_13) <= (_vector_spacing << 0x3))), function at exception vector 13 too large)

.vector_14      0x000000009d000270        0x8
 *(.vector_14)
 .vector_14     0x000000009d000270        0x8 c:/program files/microchip/xc32/v3.01/bin/bin/../../lib/gcc/pic32mx/8.3.1/../../../../pic32mx/lib/micromips\libpic32.a(vector14.o)
                0x000000009d000271                __vector_dispatch_14
                0x0000000000000001                ASSERT (((_vector_spacing == 0x0) || (SIZEOF (.vector_14) <= (_vector_spacing << 0x3))), function at exception vector 14 too large)

.vector_15      0x000000009d000278        0x8
 *(.vector_15)
 .vector_15     0x000000009d000278        0x8 c:/program files/microchip/xc32/v3.01/bin/bin/../../lib/gcc/pic32mx/8.3.1/../../../../pic32mx/lib/micromips\libpic32.a(vector15.o)
                0x000000009d000279                __vector_dispatch_15
                0x0000000000000001                ASSERT (((_vector_spacing == 0x0) || (SIZEOF (.vector_15) <= (_vector_spacing << 0x3))), function at exception vector 15 too large)

.vector_16      0x000000009d000280        0x8
 *(.vector_16)
 .vector_16     0x000000009d000280        0x8 c:/program files/microchip/xc32/v3.01/bin/bin/../../lib/gcc/pic32mx/8.3.1/../../../../pic32mx/lib/micromips\libpic32.a(vector16.o)
                0x000000009d000281                __vector_dispatch_16
                0x0000000000000001                ASSERT (((_vector_spacing == 0x0) || (SIZEOF (.vector_16) <= (_vector_spacing << 0x3))), function at exception vector 16 too large)

.vector_17      0x000000009d000288        0x8
 *(.vector_17)
 .vector_17     0x000000009d000288        0x8 build/default/debug/mcc_generated_files/tmr1.o
                0x000000009d000289                __vector_dispatch_17
                0x0000000000000001                ASSERT (((_vector_spacing == 0x0) || (SIZEOF (.vector_17) <= (_vector_spacing << 0x3))), function at exception vector 17 too large)

.vector_18      0x000000009d000290        0x8
 *(.vector_18)
 .vector_18     0x000000009d000290        0x8 c:/program files/microchip/xc32/v3.01/bin/bin/../../lib/gcc/pic32mx/8.3.1/../../../../pic32mx/lib/micromips\libpic32.a(vector18.o)
                0x000000009d000291                __vector_dispatch_18
                0x0000000000000001                ASSERT (((_vector_spacing == 0x0) || (SIZEOF (.vector_18) <= (_vector_spacing << 0x3))), function at exception vector 18 too large)

.vector_19      0x000000009d000298        0x8
 *(.vector_19)
 .vector_19     0x000000009d000298        0x8 c:/program files/microchip/xc32/v3.01/bin/bin/../../lib/gcc/pic32mx/8.3.1/../../../../pic32mx/lib/micromips\libpic32.a(vector19.o)
                0x000000009d000299                __vector_dispatch_19
                0x0000000000000001                ASSERT (((_vector_spacing == 0x0) || (SIZEOF (.vector_19) <= (_vector_spacing << 0x3))), function at exception vector 19 too large)

.vector_20      0x000000009d0002a0        0x8
 *(.vector_20)
 .vector_20     0x000000009d0002a0        0x8 c:/program files/microchip/xc32/v3.01/bin/bin/../../lib/gcc/pic32mx/8.3.1/../../../../pic32mx/lib/micromips\libpic32.a(vector20.o)
                0x000000009d0002a1                __vector_dispatch_20
                0x0000000000000001                ASSERT (((_vector_spacing == 0x0) || (SIZEOF (.vector_20) <= (_vector_spacing << 0x3))), function at exception vector 20 too large)

.vector_21      0x000000009d0002a8        0x8
 *(.vector_21)
 .vector_21     0x000000009d0002a8        0x8 c:/program files/microchip/xc32/v3.01/bin/bin/../../lib/gcc/pic32mx/8.3.1/../../../../pic32mx/lib/micromips\libpic32.a(vector21.o)
                0x000000009d0002a9                __vector_dispatch_21
                0x0000000000000001                ASSERT (((_vector_spacing == 0x0) || (SIZEOF (.vector_21) <= (_vector_spacing << 0x3))), function at exception vector 21 too large)

.vector_22      0x000000009d0002b0        0x8
 *(.vector_22)
 .vector_22     0x000000009d0002b0        0x8 c:/program files/microchip/xc32/v3.01/bin/bin/../../lib/gcc/pic32mx/8.3.1/../../../../pic32mx/lib/micromips\libpic32.a(vector22.o)
                0x000000009d0002b1                __vector_dispatch_22
                0x0000000000000001                ASSERT (((_vector_spacing == 0x0) || (SIZEOF (.vector_22) <= (_vector_spacing << 0x3))), function at exception vector 22 too large)

.vector_23      0x000000009d0002b8        0x8
 *(.vector_23)
 .vector_23     0x000000009d0002b8        0x8 c:/program files/microchip/xc32/v3.01/bin/bin/../../lib/gcc/pic32mx/8.3.1/../../../../pic32mx/lib/micromips\libpic32.a(vector23.o)
                0x000000009d0002b9                __vector_dispatch_23
                0x0000000000000001                ASSERT (((_vector_spacing == 0x0) || (SIZEOF (.vector_23) <= (_vector_spacing << 0x3))), function at exception vector 23 too large)

.vector_24      0x000000009d0002c0        0x8
 *(.vector_24)
 .vector_24     0x000000009d0002c0        0x8 c:/program files/microchip/xc32/v3.01/bin/bin/../../lib/gcc/pic32mx/8.3.1/../../../../pic32mx/lib/micromips\libpic32.a(vector24.o)
                0x000000009d0002c1                __vector_dispatch_24
                0x0000000000000001                ASSERT (((_vector_spacing == 0x0) || (SIZEOF (.vector_24) <= (_vector_spacing << 0x3))), function at exception vector 24 too large)

.vector_25      0x000000009d0002c8        0x8
 *(.vector_25)
 .vector_25     0x000000009d0002c8        0x8 c:/program files/microchip/xc32/v3.01/bin/bin/../../lib/gcc/pic32mx/8.3.1/../../../../pic32mx/lib/micromips\libpic32.a(vector25.o)
                0x000000009d0002c9                __vector_dispatch_25
                0x0000000000000001                ASSERT (((_vector_spacing == 0x0) || (SIZEOF (.vector_25) <= (_vector_spacing << 0x3))), function at exception vector 25 too large)

.vector_26      0x000000009d0002d0        0x8
 *(.vector_26)
 .vector_26     0x000000009d0002d0        0x8 c:/program files/microchip/xc32/v3.01/bin/bin/../../lib/gcc/pic32mx/8.3.1/../../../../pic32mx/lib/micromips\libpic32.a(vector26.o)
                0x000000009d0002d1                __vector_dispatch_26
                0x0000000000000001                ASSERT (((_vector_spacing == 0x0) || (SIZEOF (.vector_26) <= (_vector_spacing << 0x3))), function at exception vector 26 too large)

.vector_27      0x000000009d0002d8        0x8
 *(.vector_27)
 .vector_27     0x000000009d0002d8        0x8 c:/program files/microchip/xc32/v3.01/bin/bin/../../lib/gcc/pic32mx/8.3.1/../../../../pic32mx/lib/micromips\libpic32.a(vector27.o)
                0x000000009d0002d9                __vector_dispatch_27
                0x0000000000000001                ASSERT (((_vector_spacing == 0x0) || (SIZEOF (.vector_27) <= (_vector_spacing << 0x3))), function at exception vector 27 too large)

.vector_28      0x000000009d0002e0        0x8
 *(.vector_28)
 .vector_28     0x000000009d0002e0        0x8 c:/program files/microchip/xc32/v3.01/bin/bin/../../lib/gcc/pic32mx/8.3.1/../../../../pic32mx/lib/micromips\libpic32.a(vector28.o)
                0x000000009d0002e1                __vector_dispatch_28
                0x0000000000000001                ASSERT (((_vector_spacing == 0x0) || (SIZEOF (.vector_28) <= (_vector_spacing << 0x3))), function at exception vector 28 too large)

.vector_29      0x000000009d0002e8        0x8
 *(.vector_29)
 .vector_29     0x000000009d0002e8        0x8 build/default/debug/mcc_generated_files/usb/usb_host_events.o
                0x000000009d0002e9                __vector_dispatch_29
                0x0000000000000001                ASSERT (((_vector_spacing == 0x0) || (SIZEOF (.vector_29) <= (_vector_spacing << 0x3))), function at exception vector 29 too large)

.vector_30      0x000000009d0002f0        0x8
 *(.vector_30)
 .vector_30     0x000000009d0002f0        0x8 c:/program files/microchip/xc32/v3.01/bin/bin/../../lib/gcc/pic32mx/8.3.1/../../../../pic32mx/lib/micromips\libpic32.a(vector30.o)
                0x000000009d0002f1                __vector_dispatch_30
                0x0000000000000001                ASSERT (((_vector_spacing == 0x0) || (SIZEOF (.vector_30) <= (_vector_spacing << 0x3))), function at exception vector 30 too large)

.vector_31      0x000000009d0002f8        0x8
 *(.vector_31)
 .vector_31     0x000000009d0002f8        0x8 c:/program files/microchip/xc32/v3.01/bin/bin/../../lib/gcc/pic32mx/8.3.1/../../../../pic32mx/lib/micromips\libpic32.a(vector31.o)
                0x000000009d0002f9                __vector_dispatch_31
                0x0000000000000001                ASSERT (((_vector_spacing == 0x0) || (SIZEOF (.vector_31) <= (_vector_spacing << 0x3))), function at exception vector 31 too large)

.vector_32      0x000000009d000300        0x8
 *(.vector_32)
 .vector_32     0x000000009d000300        0x8 c:/program files/microchip/xc32/v3.01/bin/bin/../../lib/gcc/pic32mx/8.3.1/../../../../pic32mx/lib/micromips\libpic32.a(vector32.o)
                0x000000009d000301                __vector_dispatch_32
                0x0000000000000001                ASSERT (((_vector_spacing == 0x0) || (SIZEOF (.vector_32) <= (_vector_spacing << 0x3))), function at exception vector 32 too large)

.vector_33      0x000000009d000308        0x8
 *(.vector_33)
 .vector_33     0x000000009d000308        0x8 c:/program files/microchip/xc32/v3.01/bin/bin/../../lib/gcc/pic32mx/8.3.1/../../../../pic32mx/lib/micromips\libpic32.a(vector33.o)
                0x000000009d000309                __vector_dispatch_33
                0x0000000000000001                ASSERT (((_vector_spacing == 0x0) || (SIZEOF (.vector_33) <= (_vector_spacing << 0x3))), function at exception vector 33 too large)

.vector_34      0x000000009d000310        0x8
 *(.vector_34)
 .vector_34     0x000000009d000310        0x8 c:/program files/microchip/xc32/v3.01/bin/bin/../../lib/gcc/pic32mx/8.3.1/../../../../pic32mx/lib/micromips\libpic32.a(vector34.o)
                0x000000009d000311                __vector_dispatch_34
                0x0000000000000001                ASSERT (((_vector_spacing == 0x0) || (SIZEOF (.vector_34) <= (_vector_spacing << 0x3))), function at exception vector 34 too large)

.vector_35      0x000000009d000318        0x8
 *(.vector_35)
 .vector_35     0x000000009d000318        0x8 c:/program files/microchip/xc32/v3.01/bin/bin/../../lib/gcc/pic32mx/8.3.1/../../../../pic32mx/lib/micromips\libpic32.a(vector35.o)
                0x000000009d000319                __vector_dispatch_35
                0x0000000000000001                ASSERT (((_vector_spacing == 0x0) || (SIZEOF (.vector_35) <= (_vector_spacing << 0x3))), function at exception vector 35 too large)

.vector_36      0x000000009d000320        0x8
 *(.vector_36)
 .vector_36     0x000000009d000320        0x8 c:/program files/microchip/xc32/v3.01/bin/bin/../../lib/gcc/pic32mx/8.3.1/../../../../pic32mx/lib/micromips\libpic32.a(vector36.o)
                0x000000009d000321                __vector_dispatch_36
                0x0000000000000001                ASSERT (((_vector_spacing == 0x0) || (SIZEOF (.vector_36) <= (_vector_spacing << 0x3))), function at exception vector 36 too large)

.vector_37      0x000000009d000328        0x8
 *(.vector_37)
 .vector_37     0x000000009d000328        0x8 c:/program files/microchip/xc32/v3.01/bin/bin/../../lib/gcc/pic32mx/8.3.1/../../../../pic32mx/lib/micromips\libpic32.a(vector37.o)
                0x000000009d000329                __vector_dispatch_37
                0x0000000000000001                ASSERT (((_vector_spacing == 0x0) || (SIZEOF (.vector_37) <= (_vector_spacing << 0x3))), function at exception vector 37 too large)

.vector_38      0x000000009d000330        0x8
 *(.vector_38)
 .vector_38     0x000000009d000330        0x8 c:/program files/microchip/xc32/v3.01/bin/bin/../../lib/gcc/pic32mx/8.3.1/../../../../pic32mx/lib/micromips\libpic32.a(vector38.o)
                0x000000009d000331                __vector_dispatch_38
                0x0000000000000001                ASSERT (((_vector_spacing == 0x0) || (SIZEOF (.vector_38) <= (_vector_spacing << 0x3))), function at exception vector 38 too large)

.vector_39      0x000000009d000338        0x8
 *(.vector_39)
 .vector_39     0x000000009d000338        0x8 c:/program files/microchip/xc32/v3.01/bin/bin/../../lib/gcc/pic32mx/8.3.1/../../../../pic32mx/lib/micromips\libpic32.a(vector39.o)
                0x000000009d000339                __vector_dispatch_39
                0x0000000000000001                ASSERT (((_vector_spacing == 0x0) || (SIZEOF (.vector_39) <= (_vector_spacing << 0x3))), function at exception vector 39 too large)

.vector_40      0x000000009d000340        0x8
 *(.vector_40)
 .vector_40     0x000000009d000340        0x8 c:/program files/microchip/xc32/v3.01/bin/bin/../../lib/gcc/pic32mx/8.3.1/../../../../pic32mx/lib/micromips\libpic32.a(vector40.o)
                0x000000009d000341                __vector_dispatch_40
                0x0000000000000001                ASSERT (((_vector_spacing == 0x0) || (SIZEOF (.vector_40) <= (_vector_spacing << 0x3))), function at exception vector 40 too large)

.vector_41      0x000000009d000348        0x8
 *(.vector_41)
 .vector_41     0x000000009d000348        0x8 c:/program files/microchip/xc32/v3.01/bin/bin/../../lib/gcc/pic32mx/8.3.1/../../../../pic32mx/lib/micromips\libpic32.a(vector41.o)
                0x000000009d000349                __vector_dispatch_41
                0x0000000000000001                ASSERT (((_vector_spacing == 0x0) || (SIZEOF (.vector_41) <= (_vector_spacing << 0x3))), function at exception vector 41 too large)

.vector_42      0x000000009d000350        0x8
 *(.vector_42)
 .vector_42     0x000000009d000350        0x8 c:/program files/microchip/xc32/v3.01/bin/bin/../../lib/gcc/pic32mx/8.3.1/../../../../pic32mx/lib/micromips\libpic32.a(vector42.o)
                0x000000009d000351                __vector_dispatch_42
                0x0000000000000001                ASSERT (((_vector_spacing == 0x0) || (SIZEOF (.vector_42) <= (_vector_spacing << 0x3))), function at exception vector 42 too large)

.vector_43      0x000000009d000358        0x8
 *(.vector_43)
 .vector_43     0x000000009d000358        0x8 c:/program files/microchip/xc32/v3.01/bin/bin/../../lib/gcc/pic32mx/8.3.1/../../../../pic32mx/lib/micromips\libpic32.a(vector43.o)
                0x000000009d000359                __vector_dispatch_43
                0x0000000000000001                ASSERT (((_vector_spacing == 0x0) || (SIZEOF (.vector_43) <= (_vector_spacing << 0x3))), function at exception vector 43 too large)

.vector_44      0x000000009d000360        0x8
 *(.vector_44)
 .vector_44     0x000000009d000360        0x8 c:/program files/microchip/xc32/v3.01/bin/bin/../../lib/gcc/pic32mx/8.3.1/../../../../pic32mx/lib/micromips\libpic32.a(vector44.o)
                0x000000009d000361                __vector_dispatch_44
                0x0000000000000001                ASSERT (((_vector_spacing == 0x0) || (SIZEOF (.vector_44) <= (_vector_spacing << 0x3))), function at exception vector 44 too large)

.vector_45      0x000000009d000368        0x8
 *(.vector_45)
 .vector_45     0x000000009d000368        0x8 c:/program files/microchip/xc32/v3.01/bin/bin/../../lib/gcc/pic32mx/8.3.1/../../../../pic32mx/lib/micromips\libpic32.a(vector45.o)
                0x000000009d000369                __vector_dispatch_45
                0x0000000000000001                ASSERT (((_vector_spacing == 0x0) || (SIZEOF (.vector_45) <= (_vector_spacing << 0x3))), function at exception vector 45 too large)

.vector_46      0x000000009d000370        0x8
 *(.vector_46)
 .vector_46     0x000000009d000370        0x8 c:/program files/microchip/xc32/v3.01/bin/bin/../../lib/gcc/pic32mx/8.3.1/../../../../pic32mx/lib/micromips\libpic32.a(vector46.o)
                0x000000009d000371                __vector_dispatch_46
                0x0000000000000001                ASSERT (((_vector_spacing == 0x0) || (SIZEOF (.vector_46) <= (_vector_spacing << 0x3))), function at exception vector 46 too large)

.vector_47      0x000000009d000378        0x8
 *(.vector_47)
 .vector_47     0x000000009d000378        0x8 c:/program files/microchip/xc32/v3.01/bin/bin/../../lib/gcc/pic32mx/8.3.1/../../../../pic32mx/lib/micromips\libpic32.a(vector47.o)
                0x000000009d000379                __vector_dispatch_47
                0x0000000000000001                ASSERT (((_vector_spacing == 0x0) || (SIZEOF (.vector_47) <= (_vector_spacing << 0x3))), function at exception vector 47 too large)

.vector_48      0x000000009d000380        0x8
 *(.vector_48)
 .vector_48     0x000000009d000380        0x8 c:/program files/microchip/xc32/v3.01/bin/bin/../../lib/gcc/pic32mx/8.3.1/../../../../pic32mx/lib/micromips\libpic32.a(vector48.o)
                0x000000009d000381                __vector_dispatch_48
                0x0000000000000001                ASSERT (((_vector_spacing == 0x0) || (SIZEOF (.vector_48) <= (_vector_spacing << 0x3))), function at exception vector 48 too large)

.vector_49      0x000000009d000388        0x8
 *(.vector_49)
 .vector_49     0x000000009d000388        0x8 c:/program files/microchip/xc32/v3.01/bin/bin/../../lib/gcc/pic32mx/8.3.1/../../../../pic32mx/lib/micromips\libpic32.a(vector49.o)
                0x000000009d000389                __vector_dispatch_49
                0x0000000000000001                ASSERT (((_vector_spacing == 0x0) || (SIZEOF (.vector_49) <= (_vector_spacing << 0x3))), function at exception vector 49 too large)

.vector_50      0x000000009d000390        0x8
 *(.vector_50)
 .vector_50     0x000000009d000390        0x8 c:/program files/microchip/xc32/v3.01/bin/bin/../../lib/gcc/pic32mx/8.3.1/../../../../pic32mx/lib/micromips\libpic32.a(vector50.o)
                0x000000009d000391                __vector_dispatch_50
                0x0000000000000001                ASSERT (((_vector_spacing == 0x0) || (SIZEOF (.vector_50) <= (_vector_spacing << 0x3))), function at exception vector 50 too large)

.vector_51      0x000000009d000398        0x8
 *(.vector_51)
 .vector_51     0x000000009d000398        0x8 c:/program files/microchip/xc32/v3.01/bin/bin/../../lib/gcc/pic32mx/8.3.1/../../../../pic32mx/lib/micromips\libpic32.a(vector51.o)
                0x000000009d000399                __vector_dispatch_51
                0x0000000000000001                ASSERT (((_vector_spacing == 0x0) || (SIZEOF (.vector_51) <= (_vector_spacing << 0x3))), function at exception vector 51 too large)

.vector_52      0x000000009d0003a0        0x8
 *(.vector_52)
 .vector_52     0x000000009d0003a0        0x8 c:/program files/microchip/xc32/v3.01/bin/bin/../../lib/gcc/pic32mx/8.3.1/../../../../pic32mx/lib/micromips\libpic32.a(vector52.o)
                0x000000009d0003a1                __vector_dispatch_52
                0x0000000000000001                ASSERT (((_vector_spacing == 0x0) || (SIZEOF (.vector_52) <= (_vector_spacing << 0x3))), function at exception vector 52 too large)

.vector_53      0x000000009d0003a8        0x8
 *(.vector_53)
 .vector_53     0x000000009d0003a8        0x8 c:/program files/microchip/xc32/v3.01/bin/bin/../../lib/gcc/pic32mx/8.3.1/../../../../pic32mx/lib/micromips\libpic32.a(vector53.o)
                0x000000009d0003a9                __vector_dispatch_53
                0x0000000000000001                ASSERT (((_vector_spacing == 0x0) || (SIZEOF (.vector_53) <= (_vector_spacing << 0x3))), function at exception vector 53 too large)

.vector_54      0x000000009d0003b0        0x8
 *(.vector_54)
 .vector_54     0x000000009d0003b0        0x8 c:/program files/microchip/xc32/v3.01/bin/bin/../../lib/gcc/pic32mx/8.3.1/../../../../pic32mx/lib/micromips\libpic32.a(vector54.o)
                0x000000009d0003b1                __vector_dispatch_54
                0x0000000000000001                ASSERT (((_vector_spacing == 0x0) || (SIZEOF (.vector_54) <= (_vector_spacing << 0x3))), function at exception vector 54 too large)

.vector_55      0x000000009d0003b8        0x8
 *(.vector_55)
 .vector_55     0x000000009d0003b8        0x8 c:/program files/microchip/xc32/v3.01/bin/bin/../../lib/gcc/pic32mx/8.3.1/../../../../pic32mx/lib/micromips\libpic32.a(vector55.o)
                0x000000009d0003b9                __vector_dispatch_55
                0x0000000000000001                ASSERT (((_vector_spacing == 0x0) || (SIZEOF (.vector_55) <= (_vector_spacing << 0x3))), function at exception vector 55 too large)

.vector_56      0x000000009d0003c0        0x8
 *(.vector_56)
 .vector_56     0x000000009d0003c0        0x8 build/default/debug/mcc_generated_files/uart2.o
                0x000000009d0003c1                __vector_dispatch_56
                0x0000000000000001                ASSERT (((_vector_spacing == 0x0) || (SIZEOF (.vector_56) <= (_vector_spacing << 0x3))), function at exception vector 56 too large)

.vector_57      0x000000009d0003c8        0x8
 *(.vector_57)
 .vector_57     0x000000009d0003c8        0x8 build/default/debug/mcc_generated_files/uart2.o
                0x000000009d0003c9                __vector_dispatch_57
                0x0000000000000001                ASSERT (((_vector_spacing == 0x0) || (SIZEOF (.vector_57) <= (_vector_spacing << 0x3))), function at exception vector 57 too large)

.vector_58      0x000000009d0003d0        0x8
 *(.vector_58)
 .vector_58     0x000000009d0003d0        0x8 build/default/debug/mcc_generated_files/uart2.o
                0x000000009d0003d1                __vector_dispatch_58
                0x0000000000000001                ASSERT (((_vector_spacing == 0x0) || (SIZEOF (.vector_58) <= (_vector_spacing << 0x3))), function at exception vector 58 too large)

.vector_59      0x000000009d0003d8        0x8
 *(.vector_59)
 .vector_59     0x000000009d0003d8        0x8 build/default/debug/mcc_generated_files/uart3.o
                0x000000009d0003d9                __vector_dispatch_59
                0x0000000000000001                ASSERT (((_vector_spacing == 0x0) || (SIZEOF (.vector_59) <= (_vector_spacing << 0x3))), function at exception vector 59 too large)

.vector_60      0x000000009d0003e0        0x8
 *(.vector_60)
 .vector_60     0x000000009d0003e0        0x8 build/default/debug/mcc_generated_files/uart3.o
                0x000000009d0003e1                __vector_dispatch_60
                0x0000000000000001                ASSERT (((_vector_spacing == 0x0) || (SIZEOF (.vector_60) <= (_vector_spacing << 0x3))), function at exception vector 60 too large)

.vector_61      0x000000009d0003e8        0x8
 *(.vector_61)
 .vector_61     0x000000009d0003e8        0x8 build/default/debug/mcc_generated_files/uart3.o
                0x000000009d0003e9                __vector_dispatch_61
                0x0000000000000001                ASSERT (((_vector_spacing == 0x0) || (SIZEOF (.vector_61) <= (_vector_spacing << 0x3))), function at exception vector 61 too large)

.vector_62      0x000000009d0003f0        0x8
 *(.vector_62)
 .vector_62     0x000000009d0003f0        0x8 c:/program files/microchip/xc32/v3.01/bin/bin/../../lib/gcc/pic32mx/8.3.1/../../../../pic32mx/lib/micromips\libpic32.a(vector62.o)
                0x000000009d0003f1                __vector_dispatch_62
                0x0000000000000001                ASSERT (((_vector_spacing == 0x0) || (SIZEOF (.vector_62) <= (_vector_spacing << 0x3))), function at exception vector 62 too large)

.vector_63      0x000000009d0003f8        0x8
 *(.vector_63)
 .vector_63     0x000000009d0003f8        0x8 c:/program files/microchip/xc32/v3.01/bin/bin/../../lib/gcc/pic32mx/8.3.1/../../../../pic32mx/lib/micromips\libpic32.a(vector63.o)
                0x000000009d0003f9                __vector_dispatch_63
                0x0000000000000001                ASSERT (((_vector_spacing == 0x0) || (SIZEOF (.vector_63) <= (_vector_spacing << 0x3))), function at exception vector 63 too large)

.vector_64      0x000000009d000400        0x8
 *(.vector_64)
 .vector_64     0x000000009d000400        0x8 c:/program files/microchip/xc32/v3.01/bin/bin/../../lib/gcc/pic32mx/8.3.1/../../../../pic32mx/lib/micromips\libpic32.a(vector64.o)
                0x000000009d000401                __vector_dispatch_64
                0x0000000000000001                ASSERT (((_vector_spacing == 0x0) || (SIZEOF (.vector_64) <= (_vector_spacing << 0x3))), function at exception vector 64 too large)

.vector_65      0x000000009d000408        0x8
 *(.vector_65)
 .vector_65     0x000000009d000408        0x8 c:/program files/microchip/xc32/v3.01/bin/bin/../../lib/gcc/pic32mx/8.3.1/../../../../pic32mx/lib/micromips\libpic32.a(vector65.o)
                0x000000009d000409                __vector_dispatch_65
                0x0000000000000001                ASSERT (((_vector_spacing == 0x0) || (SIZEOF (.vector_65) <= (_vector_spacing << 0x3))), function at exception vector 65 too large)

.vector_66      0x000000009d000410        0x8
 *(.vector_66)
 .vector_66     0x000000009d000410        0x8 c:/program files/microchip/xc32/v3.01/bin/bin/../../lib/gcc/pic32mx/8.3.1/../../../../pic32mx/lib/micromips\libpic32.a(vector66.o)
                0x000000009d000411                __vector_dispatch_66
                0x0000000000000001                ASSERT (((_vector_spacing == 0x0) || (SIZEOF (.vector_66) <= (_vector_spacing << 0x3))), function at exception vector 66 too large)

.vector_67      0x000000009d000418        0x8
 *(.vector_67)
 .vector_67     0x000000009d000418        0x8 c:/program files/microchip/xc32/v3.01/bin/bin/../../lib/gcc/pic32mx/8.3.1/../../../../pic32mx/lib/micromips\libpic32.a(vector67.o)
                0x000000009d000419                __vector_dispatch_67
                0x0000000000000001                ASSERT (((_vector_spacing == 0x0) || (SIZEOF (.vector_67) <= (_vector_spacing << 0x3))), function at exception vector 67 too large)

.vector_68      0x000000009d000420        0x8
 *(.vector_68)
 .vector_68     0x000000009d000420        0x8 c:/program files/microchip/xc32/v3.01/bin/bin/../../lib/gcc/pic32mx/8.3.1/../../../../pic32mx/lib/micromips\libpic32.a(vector68.o)
                0x000000009d000421                __vector_dispatch_68
                0x0000000000000001                ASSERT (((_vector_spacing == 0x0) || (SIZEOF (.vector_68) <= (_vector_spacing << 0x3))), function at exception vector 68 too large)

.vector_69      0x000000009d000428        0x8
 *(.vector_69)
 .vector_69     0x000000009d000428        0x8 c:/program files/microchip/xc32/v3.01/bin/bin/../../lib/gcc/pic32mx/8.3.1/../../../../pic32mx/lib/micromips\libpic32.a(vector69.o)
                0x000000009d000429                __vector_dispatch_69
                0x0000000000000001                ASSERT (((_vector_spacing == 0x0) || (SIZEOF (.vector_69) <= (_vector_spacing << 0x3))), function at exception vector 69 too large)

.vector_70      0x000000009d000430        0x8
 *(.vector_70)
 .vector_70     0x000000009d000430        0x8 c:/program files/microchip/xc32/v3.01/bin/bin/../../lib/gcc/pic32mx/8.3.1/../../../../pic32mx/lib/micromips\libpic32.a(vector70.o)
                0x000000009d000431                __vector_dispatch_70
                0x0000000000000001                ASSERT (((_vector_spacing == 0x0) || (SIZEOF (.vector_70) <= (_vector_spacing << 0x3))), function at exception vector 70 too large)

.vector_71      0x000000009d000438        0x8
 *(.vector_71)
 .vector_71     0x000000009d000438        0x8 c:/program files/microchip/xc32/v3.01/bin/bin/../../lib/gcc/pic32mx/8.3.1/../../../../pic32mx/lib/micromips\libpic32.a(vector71.o)
                0x000000009d000439                __vector_dispatch_71
                0x0000000000000001                ASSERT (((_vector_spacing == 0x0) || (SIZEOF (.vector_71) <= (_vector_spacing << 0x3))), function at exception vector 71 too large)

.vector_72      0x000000009d000440        0x8
 *(.vector_72)
 .vector_72     0x000000009d000440        0x8 c:/program files/microchip/xc32/v3.01/bin/bin/../../lib/gcc/pic32mx/8.3.1/../../../../pic32mx/lib/micromips\libpic32.a(vector72.o)
                0x000000009d000441                __vector_dispatch_72
                0x0000000000000001                ASSERT (((_vector_spacing == 0x0) || (SIZEOF (.vector_72) <= (_vector_spacing << 0x3))), function at exception vector 72 too large)

.vector_73      0x000000009d000448        0x8
 *(.vector_73)
 .vector_73     0x000000009d000448        0x8 c:/program files/microchip/xc32/v3.01/bin/bin/../../lib/gcc/pic32mx/8.3.1/../../../../pic32mx/lib/micromips\libpic32.a(vector73.o)
                0x000000009d000449                __vector_dispatch_73
                0x0000000000000001                ASSERT (((_vector_spacing == 0x0) || (SIZEOF (.vector_73) <= (_vector_spacing << 0x3))), function at exception vector 73 too large)

.vector_74      0x000000009d000450        0x8
 *(.vector_74)
 .vector_74     0x000000009d000450        0x8 c:/program files/microchip/xc32/v3.01/bin/bin/../../lib/gcc/pic32mx/8.3.1/../../../../pic32mx/lib/micromips\libpic32.a(vector74.o)
                0x000000009d000451                __vector_dispatch_74
                0x0000000000000001                ASSERT (((_vector_spacing == 0x0) || (SIZEOF (.vector_74) <= (_vector_spacing << 0x3))), function at exception vector 74 too large)

.vector_75      0x000000009d000458        0x8
 *(.vector_75)
 .vector_75     0x000000009d000458        0x8 c:/program files/microchip/xc32/v3.01/bin/bin/../../lib/gcc/pic32mx/8.3.1/../../../../pic32mx/lib/micromips\libpic32.a(vector75.o)
                0x000000009d000459                __vector_dispatch_75
                0x0000000000000001                ASSERT (((_vector_spacing == 0x0) || (SIZEOF (.vector_75) <= (_vector_spacing << 0x3))), function at exception vector 75 too large)

.vector_76      0x000000009d000460        0x8
 *(.vector_76)
 .vector_76     0x000000009d000460        0x8 c:/program files/microchip/xc32/v3.01/bin/bin/../../lib/gcc/pic32mx/8.3.1/../../../../pic32mx/lib/micromips\libpic32.a(vector76.o)
                0x000000009d000461                __vector_dispatch_76
                0x0000000000000001                ASSERT (((_vector_spacing == 0x0) || (SIZEOF (.vector_76) <= (_vector_spacing << 0x3))), function at exception vector 76 too large)

.vector_77      0x000000009d000468        0x8
 *(.vector_77)
 .vector_77     0x000000009d000468        0x8 c:/program files/microchip/xc32/v3.01/bin/bin/../../lib/gcc/pic32mx/8.3.1/../../../../pic32mx/lib/micromips\libpic32.a(vector77.o)
                0x000000009d000469                __vector_dispatch_77
                0x0000000000000001                ASSERT (((_vector_spacing == 0x0) || (SIZEOF (.vector_77) <= (_vector_spacing << 0x3))), function at exception vector 77 too large)

.vector_78      0x000000009d000470        0x8
 *(.vector_78)
 .vector_78     0x000000009d000470        0x8 c:/program files/microchip/xc32/v3.01/bin/bin/../../lib/gcc/pic32mx/8.3.1/../../../../pic32mx/lib/micromips\libpic32.a(vector78.o)
                0x000000009d000471                __vector_dispatch_78
                0x0000000000000001                ASSERT (((_vector_spacing == 0x0) || (SIZEOF (.vector_78) <= (_vector_spacing << 0x3))), function at exception vector 78 too large)

.vector_79      0x000000009d000478        0x8
 *(.vector_79)
 .vector_79     0x000000009d000478        0x8 c:/program files/microchip/xc32/v3.01/bin/bin/../../lib/gcc/pic32mx/8.3.1/../../../../pic32mx/lib/micromips\libpic32.a(vector79.o)
                0x000000009d000479                __vector_dispatch_79
                0x0000000000000001                ASSERT (((_vector_spacing == 0x0) || (SIZEOF (.vector_79) <= (_vector_spacing << 0x3))), function at exception vector 79 too large)

.vector_80      0x000000009d000480        0x8
 *(.vector_80)
 .vector_80     0x000000009d000480        0x8 c:/program files/microchip/xc32/v3.01/bin/bin/../../lib/gcc/pic32mx/8.3.1/../../../../pic32mx/lib/micromips\libpic32.a(vector80.o)
                0x000000009d000481                __vector_dispatch_80
                0x0000000000000001                ASSERT (((_vector_spacing == 0x0) || (SIZEOF (.vector_80) <= (_vector_spacing << 0x3))), function at exception vector 80 too large)

.vector_81      0x000000009d000488        0x8
 *(.vector_81)
 .vector_81     0x000000009d000488        0x8 c:/program files/microchip/xc32/v3.01/bin/bin/../../lib/gcc/pic32mx/8.3.1/../../../../pic32mx/lib/micromips\libpic32.a(vector81.o)
                0x000000009d000489                __vector_dispatch_81
                0x0000000000000001                ASSERT (((_vector_spacing == 0x0) || (SIZEOF (.vector_81) <= (_vector_spacing << 0x3))), function at exception vector 81 too large)

.vector_82      0x000000009d000490        0x8
 *(.vector_82)
 .vector_82     0x000000009d000490        0x8 c:/program files/microchip/xc32/v3.01/bin/bin/../../lib/gcc/pic32mx/8.3.1/../../../../pic32mx/lib/micromips\libpic32.a(vector82.o)
                0x000000009d000491                __vector_dispatch_82
                0x0000000000000001                ASSERT (((_vector_spacing == 0x0) || (SIZEOF (.vector_82) <= (_vector_spacing << 0x3))), function at exception vector 82 too large)

.vector_83      0x000000009d000498        0x8
 *(.vector_83)
 .vector_83     0x000000009d000498        0x8 c:/program files/microchip/xc32/v3.01/bin/bin/../../lib/gcc/pic32mx/8.3.1/../../../../pic32mx/lib/micromips\libpic32.a(vector83.o)
                0x000000009d000499                __vector_dispatch_83
                0x0000000000000001                ASSERT (((_vector_spacing == 0x0) || (SIZEOF (.vector_83) <= (_vector_spacing << 0x3))), function at exception vector 83 too large)

.vector_84      0x000000009d0004a0        0x8
 *(.vector_84)
 .vector_84     0x000000009d0004a0        0x8 c:/program files/microchip/xc32/v3.01/bin/bin/../../lib/gcc/pic32mx/8.3.1/../../../../pic32mx/lib/micromips\libpic32.a(vector84.o)
                0x000000009d0004a1                __vector_dispatch_84
                0x0000000000000001                ASSERT (((_vector_spacing == 0x0) || (SIZEOF (.vector_84) <= (_vector_spacing << 0x3))), function at exception vector 84 too large)

.vector_85      0x000000009d0004a8        0x8
 *(.vector_85)
 .vector_85     0x000000009d0004a8        0x8 c:/program files/microchip/xc32/v3.01/bin/bin/../../lib/gcc/pic32mx/8.3.1/../../../../pic32mx/lib/micromips\libpic32.a(vector85.o)
                0x000000009d0004a9                __vector_dispatch_85
                0x0000000000000001                ASSERT (((_vector_spacing == 0x0) || (SIZEOF (.vector_85) <= (_vector_spacing << 0x3))), function at exception vector 85 too large)

.vector_86      0x000000009d0004b0        0x8
 *(.vector_86)
 .vector_86     0x000000009d0004b0        0x8 c:/program files/microchip/xc32/v3.01/bin/bin/../../lib/gcc/pic32mx/8.3.1/../../../../pic32mx/lib/micromips\libpic32.a(vector86.o)
                0x000000009d0004b1                __vector_dispatch_86
                0x0000000000000001                ASSERT (((_vector_spacing == 0x0) || (SIZEOF (.vector_86) <= (_vector_spacing << 0x3))), function at exception vector 86 too large)

.vector_87      0x000000009d0004b8        0x8
 *(.vector_87)
 .vector_87     0x000000009d0004b8        0x8 c:/program files/microchip/xc32/v3.01/bin/bin/../../lib/gcc/pic32mx/8.3.1/../../../../pic32mx/lib/micromips\libpic32.a(vector87.o)
                0x000000009d0004b9                __vector_dispatch_87
                0x0000000000000001                ASSERT (((_vector_spacing == 0x0) || (SIZEOF (.vector_87) <= (_vector_spacing << 0x3))), function at exception vector 87 too large)

.vector_88      0x000000009d0004c0        0x8
 *(.vector_88)
 .vector_88     0x000000009d0004c0        0x8 c:/program files/microchip/xc32/v3.01/bin/bin/../../lib/gcc/pic32mx/8.3.1/../../../../pic32mx/lib/micromips\libpic32.a(vector88.o)
                0x000000009d0004c1                __vector_dispatch_88
                0x0000000000000001                ASSERT (((_vector_spacing == 0x0) || (SIZEOF (.vector_88) <= (_vector_spacing << 0x3))), function at exception vector 88 too large)

.vector_89      0x000000009d0004c8        0x8
 *(.vector_89)
 .vector_89     0x000000009d0004c8        0x8 c:/program files/microchip/xc32/v3.01/bin/bin/../../lib/gcc/pic32mx/8.3.1/../../../../pic32mx/lib/micromips\libpic32.a(vector89.o)
                0x000000009d0004c9                __vector_dispatch_89
                0x0000000000000001                ASSERT (((_vector_spacing == 0x0) || (SIZEOF (.vector_89) <= (_vector_spacing << 0x3))), function at exception vector 89 too large)

.vector_90      0x000000009d0004d0        0x8
 *(.vector_90)
 .vector_90     0x000000009d0004d0        0x8 c:/program files/microchip/xc32/v3.01/bin/bin/../../lib/gcc/pic32mx/8.3.1/../../../../pic32mx/lib/micromips\libpic32.a(vector90.o)
                0x000000009d0004d1                __vector_dispatch_90
                0x0000000000000001                ASSERT (((_vector_spacing == 0x0) || (SIZEOF (.vector_90) <= (_vector_spacing << 0x3))), function at exception vector 90 too large)

.vector_91      0x000000009d0004d8        0x8
 *(.vector_91)
 .vector_91     0x000000009d0004d8        0x8 c:/program files/microchip/xc32/v3.01/bin/bin/../../lib/gcc/pic32mx/8.3.1/../../../../pic32mx/lib/micromips\libpic32.a(vector91.o)
                0x000000009d0004d9                __vector_dispatch_91
                0x0000000000000001                ASSERT (((_vector_spacing == 0x0) || (SIZEOF (.vector_91) <= (_vector_spacing << 0x3))), function at exception vector 91 too large)

.vector_92      0x000000009d0004e0        0x8
 *(.vector_92)
 .vector_92     0x000000009d0004e0        0x8 c:/program files/microchip/xc32/v3.01/bin/bin/../../lib/gcc/pic32mx/8.3.1/../../../../pic32mx/lib/micromips\libpic32.a(vector92.o)
                0x000000009d0004e1                __vector_dispatch_92
                0x0000000000000001                ASSERT (((_vector_spacing == 0x0) || (SIZEOF (.vector_92) <= (_vector_spacing << 0x3))), function at exception vector 92 too large)

.vector_93      0x000000009d0004e8        0x8
 *(.vector_93)
 .vector_93     0x000000009d0004e8        0x8 c:/program files/microchip/xc32/v3.01/bin/bin/../../lib/gcc/pic32mx/8.3.1/../../../../pic32mx/lib/micromips\libpic32.a(vector93.o)
                0x000000009d0004e9                __vector_dispatch_93
                0x0000000000000001                ASSERT (((_vector_spacing == 0x0) || (SIZEOF (.vector_93) <= (_vector_spacing << 0x3))), function at exception vector 93 too large)

.vector_94      0x000000009d0004f0        0x8
 *(.vector_94)
 .vector_94     0x000000009d0004f0        0x8 c:/program files/microchip/xc32/v3.01/bin/bin/../../lib/gcc/pic32mx/8.3.1/../../../../pic32mx/lib/micromips\libpic32.a(vector94.o)
                0x000000009d0004f1                __vector_dispatch_94
                0x0000000000000001                ASSERT (((_vector_spacing == 0x0) || (SIZEOF (.vector_94) <= (_vector_spacing << 0x3))), function at exception vector 94 too large)

.vector_95      0x000000009d0004f8        0x8
 *(.vector_95)
 .vector_95     0x000000009d0004f8        0x8 c:/program files/microchip/xc32/v3.01/bin/bin/../../lib/gcc/pic32mx/8.3.1/../../../../pic32mx/lib/micromips\libpic32.a(vector95.o)
                0x000000009d0004f9                __vector_dispatch_95
                0x0000000000000001                ASSERT (((_vector_spacing == 0x0) || (SIZEOF (.vector_95) <= (_vector_spacing << 0x3))), function at exception vector 95 too large)

.vector_96      0x000000009d000500        0x8
 *(.vector_96)
 .vector_96     0x000000009d000500        0x8 c:/program files/microchip/xc32/v3.01/bin/bin/../../lib/gcc/pic32mx/8.3.1/../../../../pic32mx/lib/micromips\libpic32.a(vector96.o)
                0x000000009d000501                __vector_dispatch_96
                0x0000000000000001                ASSERT (((_vector_spacing == 0x0) || (SIZEOF (.vector_96) <= (_vector_spacing << 0x3))), function at exception vector 96 too large)

.vector_97      0x000000009d000508        0x8
 *(.vector_97)
 .vector_97     0x000000009d000508        0x8 c:/program files/microchip/xc32/v3.01/bin/bin/../../lib/gcc/pic32mx/8.3.1/../../../../pic32mx/lib/micromips\libpic32.a(vector97.o)
                0x000000009d000509                __vector_dispatch_97
                0x0000000000000001                ASSERT (((_vector_spacing == 0x0) || (SIZEOF (.vector_97) <= (_vector_spacing << 0x3))), function at exception vector 97 too large)

.vector_98      0x000000009d000510        0x8
 *(.vector_98)
 .vector_98     0x000000009d000510        0x8 c:/program files/microchip/xc32/v3.01/bin/bin/../../lib/gcc/pic32mx/8.3.1/../../../../pic32mx/lib/micromips\libpic32.a(vector98.o)
                0x000000009d000511                __vector_dispatch_98
                0x0000000000000001                ASSERT (((_vector_spacing == 0x0) || (SIZEOF (.vector_98) <= (_vector_spacing << 0x3))), function at exception vector 98 too large)

.vector_99      0x000000009d000518        0x8
 *(.vector_99)
 .vector_99     0x000000009d000518        0x8 c:/program files/microchip/xc32/v3.01/bin/bin/../../lib/gcc/pic32mx/8.3.1/../../../../pic32mx/lib/micromips\libpic32.a(vector99.o)
                0x000000009d000519                __vector_dispatch_99
                0x0000000000000001                ASSERT (((_vector_spacing == 0x0) || (SIZEOF (.vector_99) <= (_vector_spacing << 0x3))), function at exception vector 99 too large)

.vector_100     0x000000009d000520        0x8
 *(.vector_100)
 .vector_100    0x000000009d000520        0x8 c:/program files/microchip/xc32/v3.01/bin/bin/../../lib/gcc/pic32mx/8.3.1/../../../../pic32mx/lib/micromips\libpic32.a(vector100.o)
                0x000000009d000521                __vector_dispatch_100
                0x0000000000000001                ASSERT (((_vector_spacing == 0x0) || (SIZEOF (.vector_100) <= (_vector_spacing << 0x3))), function at exception vector 100 too large)

.vector_101     0x000000009d000528        0x8
 *(.vector_101)
 .vector_101    0x000000009d000528        0x8 c:/program files/microchip/xc32/v3.01/bin/bin/../../lib/gcc/pic32mx/8.3.1/../../../../pic32mx/lib/micromips\libpic32.a(vector101.o)
                0x000000009d000529                __vector_dispatch_101
                0x0000000000000001                ASSERT (((_vector_spacing == 0x0) || (SIZEOF (.vector_101) <= (_vector_spacing << 0x3))), function at exception vector 101 too large)

.startup
 *(.startup)

.text           0x000000009d000530        0x0
 *(.stub .gnu.linkonce.t.*)
 *(.text.*personality*)
 *(.mips16.fn.*)
 *(.mips16.call.*)
 *(.gnu.warning)
                0x000000009d000530                . = ALIGN (0x4)

.init           0x000000009d000530        0x0
 *crti.o(.init)
 *crtbegin.o(.init)
 *(EXCLUDE_FILE(*crtn.o *crtend?.o *crtend.o) .init)
 *crtend.o(.init)
 *crtn.o(.init)
                0x000000009d000530                . = ALIGN (0x4)

.fini           0x000000009d000530        0x0
 *(.fini)
                0x000000009d000530                . = ALIGN (0x4)

.preinit_array  0x000000009d000530        0x0
                [!provide]                        PROVIDE (__preinit_array_start = .)
 *(.preinit_array)
                [!provide]                        PROVIDE (__preinit_array_end = .)
                0x000000009d000530                . = ALIGN (0x4)

.init_array     0x000000009d000530        0x0
                [!provide]                        PROVIDE (__init_array_start = .)
 *(SORT_BY_NAME(.init_array.*))
 *(.init_array)
                [!provide]                        PROVIDE (__init_array_end = .)
                0x000000009d000530                . = ALIGN (0x4)

.fini_array     0x000000009d000530        0x0
                [!provide]                        PROVIDE (__fini_array_start = .)
 *(SORT_BY_NAME(.fini_array.*))
 *(.fini_array)
                [!provide]                        PROVIDE (__fini_array_end = .)
                0x000000009d000530                . = ALIGN (0x4)

.ctors          0x000000009d000530        0x0
 *crtbegin.o(.ctors)
 *crtbegin?.o(.ctors)
 *(EXCLUDE_FILE(*crtend?.o *crtend.o) .ctors)
 *(SORT_BY_NAME(.ctors.*))
 *(.ctors)
                0x000000009d000530                . = ALIGN (0x4)

.dtors          0x000000009d000530        0x0
 *crtbegin.o(.dtors)
 *crtbegin?.o(.dtors)
 *(EXCLUDE_FILE(*crtend?.o *crtend.o) .dtors)
 *(SORT_BY_NAME(.dtors.*))
 *(.dtors)
                0x000000009d000530                . = ALIGN (0x4)

.rodata         0x000000009d000530        0x0
 *(.gnu.linkonce.r.*)
 *(.rodata1)
                0x000000009d000530                . = ALIGN (0x4)

.sdata2         0x000000009d000530        0x0
 *(.sdata2 .sdata2.* .gnu.linkonce.s2.*)
                0x000000009d000530                . = ALIGN (0x4)

.sbss2          0x000000009d000530        0x0
 *(.sbss2 .sbss2.* .gnu.linkonce.sb2.*)
                0x000000009d000530                . = ALIGN (0x4)

.eh_frame_hdr
 *(.eh_frame_hdr)
                0x000000009d000530                . = ALIGN (0x4)

.eh_frame
 *(.eh_frame)
                0x000000009d000530                . = ALIGN (0x4)

.gcc_except_table
 *(.gcc_except_table .gcc_except_table.*)
                0x000000009d000530                . = ALIGN (0x4)

.dbg_data       0x0000000080000200        0x0
                0x0000000080000200                . = (. + DEFINED (_DEBUGGER)?0x200:0x0)

.jcr            0x0000000080000200        0x0
 *(.jcr)
                0x0000000080000200                . = ALIGN (0x4)

.eh_frame
 *(.eh_frame)
                0x0000000080000200                . = ALIGN (0x4)

.gcc_except_table
 *(.gcc_except_table .gcc_except_table.*)
                0x0000000080000200                . = ALIGN (0x4)

.persist        0x0000000080000200        0x0
                0x0000000080000200                _persist_begin = .
 *(.persist .persist.*)
                0x0000000080000200                . = ALIGN (0x4)
                0x0000000080000200                _persist_end = .

.data           0x0000000080000200        0x0
 *(.gnu.linkonce.d.*)
 *(.data1)
                0x0000000080000200                . = ALIGN (0x4)
                0x0000000080000200                . = .
                0x00000000800081f0                _gp = (ALIGN (0x10) + 0x7ff0)

.got            0x0000000080000200        0x0
 *(.got.plt)
 *(.got)
                0x0000000080000200                . = ALIGN (0x4)

.sdata          0x0000000080000200       0x3c
                0x0000000080000200                _sdata_begin = .
 *(.sdata .sdata.* .gnu.linkonce.s.*)
 .sdata         0x0000000080000200       0x34 build/default/debug/mcc_generated_files/uart3.o
                0x0000000080000200                LoadcellNumber
                0x0000000080000204                WeightForCalibrate
                0x0000000080000208                MaxWeight_1
                0x000000008000020c                MaxWeight_2
                0x0000000080000210                Division_1
                0x0000000080000214                Division_2
                0x0000000080000218                Zero_Persentage
                0x000000008000021c                Decimal_point
                0x0000000080000220                Zero_Adc
                0x0000000080000224                CalibInfo
                0x0000000080000228                CalibStatus
                0x000000008000022c                CalibDone
                0x0000000080000230                CalibFail
 .sdata         0x0000000080000234        0x8 build/default/debug/main.o
                0x0000000080000234                EftPos_Commandns
                0x000000008000023c                . = ALIGN (0x4)
                0x000000008000023c                _sdata_end = .

.lit8
 *(.lit8)

.lit4
 *(.lit4)
                0x000000008000023c                . = ALIGN (0x4)
                0x000000008000023c                _data_end = .
                0x000000008000023c                _bss_begin = .

.sbss           0x000000008000023c      0x33c
                0x000000008000023c                _sbss_begin = .
 *(.dynsbss)
 *(.sbss .sbss.* .gnu.linkonce.sb.*)
 .sbss          0x000000008000023c       0x28 build/default/debug/mcc_generated_files/usb/usb_host.o
                0x0000000080000248                pCurrentConfigurationDescriptor
                0x000000008000024c                pDeviceDescriptor
 .sbss          0x0000000080000264        0x8 build/default/debug/mcc_generated_files/usb/usb_host_hid.o
 .sbss          0x000000008000026c        0x4 build/default/debug/mcc_generated_files/usb/usb_host_hid_parser.o
                0x000000008000026c                parsedDataMem
 .sbss          0x0000000080000270        0xc build/default/debug/mcc_generated_files/exceptions.o
 .sbss          0x000000008000027c        0x1 build/default/debug/mcc_generated_files/rtcc.o
 *fill*         0x000000008000027d        0x3 
 .sbss          0x0000000080000280        0x2 build/default/debug/mcc_generated_files/adc1.o
 .sbss          0x0000000080000282        0x1 build/default/debug/mcc_generated_files/ext_int.o
 *fill*         0x0000000080000283        0x1 
 .sbss          0x0000000080000284        0x6 build/default/debug/mcc_generated_files/tmr1.o
                0x0000000080000284                TMR1_InterruptHandler
 *fill*         0x000000008000028a        0x2 
 .sbss          0x000000008000028c       0x15 build/default/debug/mcc_generated_files/uart2.o
 *fill*         0x00000000800002a1        0x3 
 .sbss          0x00000000800002a4       0x1a build/default/debug/mcc_generated_files/uart3.o
 *fill*         0x00000000800002be        0x2 
 .sbss          0x00000000800002c0       0x14 build/default/debug/main.o
                0x00000000800002c0                Colpy
                0x00000000800002c4                kpfc
 .sbss          0x00000000800002d4        0x5 build/default/debug/init.o
 .sbss          0x00000000800002d9        0x2 build/default/debug/display.o
 *fill*         0x00000000800002db        0x5 
 .sbss          0x00000000800002e0       0x10 build/default/debug/adc.o
 .sbss          0x00000000800002f0       0x10 build/default/debug/mcc_generated_files/memory/flash.o
 .sbss          0x0000000080000300        0x4 c:/program files/microchip/xc32/v3.01/bin/bin/../../lib/gcc/pic32mx/8.3.1/../../../../pic32mx/lib/micromips\liblega-c.a(errno.o)
                0x0000000080000300                errno
 *(.scommon)
 .scommon       0x0000000080000304        0x2 build/default/debug/mcc_generated_files/usb/usb_host.o
                0x0000000080000304                usbOverrideHostState
 *fill*         0x0000000080000306        0x2 
 .scommon       0x0000000080000308        0x8 build/default/debug/mcc_generated_files/uart2.o
                0x0000000080000308                UART2_TxDefaultInterruptHandler
                0x000000008000030c                UART2_RxDefaultInterruptHandler
 .scommon       0x0000000080000310        0x8 build/default/debug/mcc_generated_files/uart3.o
                0x0000000080000310                UART3_TxDefaultInterruptHandler
                0x0000000080000314                UART3_RxDefaultInterruptHandler
 .scommon       0x0000000080000318      0x25e build/default/debug/main.o
                0x0000000080000318                Mem_Index
                0x000000008000031c                netName
                0x0000000080000320                NetDeviceConnected
                0x0000000080000322                GetDateTimeAppFuncState
                0x0000000080000324                TempDateStartReport
                0x0000000080000328                datesyear
                0x000000008000032a                UserAccept
                0x000000008000032c                PrnInputWrp
                0x000000008000032e                SerOutputRrp
                0x0000000080000330                serbuf
                0x0000000080000331                DisplayUpdateTime
                0x0000000080000334                Calc_Result
                0x0000000080000338                Second
                0x000000008000033a                DcValHigh
                0x000000008000033c                ADDFIX_direct
                0x0000000080000340                CalcPsTime
                0x0000000080000344                STCC
                0x0000000080000345                datemmon
                0x0000000080000348                TempRowDate
                0x000000008000034c                Power_Save_Counter
                0x0000000080000350                ShutDownCounter
                0x0000000080000352                Drift_Counter
                0x0000000080000354                Sale_Row
                0x0000000080000357                EE_DATA_BYTE
                0x0000000080000358                Min
                0x0000000080000359                FindEmptyLocation
                0x000000008000035a                DateAccept
                0x000000008000035b                HidByteCounter
                0x000000008000035c                ErrorCof
                0x000000008000035d                CurserPos
                0x000000008000035e                IAC
                0x000000008000035f                Shift_Flag
                0x0000000080000360                NoCalibrate
                0x0000000080000361                TestFlag
                0x0000000080000362                SentFlag
                0x0000000080000363                keywptr
                0x0000000080000364                UniCnt
                0x0000000080000365                LockMode
                0x0000000080000366                ClFlag
                0x0000000080000367                ShowCurser
                0x0000000080000368                Power_Save_Flag
                0x0000000080000369                TempSecond
                0x000000008000036c                Pass
                0x0000000080000370                CalibProcess
                0x0000000080000371                Calculate_State
                0x0000000080000372                RetNormal_State
                0x0000000080000373                Hour
                0x0000000080000374                TempCodeBuf
                0x0000000080000375                DateReturnStatus
                0x0000000080000376                Calc_Operate
                0x0000000080000377                key_zero_time
                0x0000000080000378                sensitiveDataCompleted
                0x000000008000037a                PrnInputRrp
                0x000000008000037c                EE_DATA_INT
                0x0000000080000380                Total_7
                0x0000000080000388                PrnPos
                0x0000000080000389                waitForSensitivReceivedWeightCounter
                0x000000008000038a                key_np
                0x000000008000038b                BatLowDetect
                0x000000008000038c                Generic_Counter2
                0x0000000080000390                Total_5
                0x0000000080000398                Sync_Baud_Flag
                0x0000000080000399                Net_Recive_Flag
                0x000000008000039c                Total_Add
                0x00000000800003a0                key_n
                0x00000000800003a1                Coder_Step
                0x00000000800003a2                AutoSend
                0x00000000800003a4                InputUnicode
                0x00000000800003a6                PackState
                0x00000000800003a8                Tare_Weight_1
                0x00000000800003ac                FontId
                0x00000000800003ad                Send_Led
                0x00000000800003ae                DispPos
                0x00000000800003b0                minadc
                0x00000000800003b4                PLongBuffer
                0x00000000800003b8                TempHour
                0x00000000800003b9                ErrorCalibrationTimout
                0x00000000800003ba                NewSaleAdd
                0x00000000800003bc                Show_Error_flag
                0x00000000800003bd                Onoff_Flag
                0x00000000800003be                Loadcell_Id
                0x00000000800003bf                KeyState
                0x00000000800003c0                BarCodePlu_Number
                0x00000000800003c2                SerInputRrp
                0x00000000800003c4                keyrptr
                0x00000000800003c6                beez_time
                0x00000000800003c8                PByteBuffer
                0x00000000800003cc                SerOutputWrp
                0x00000000800003ce                Show_Front_Zero
                0x00000000800003cf                StartRelay
                0x00000000800003d0                Recive_Flag
                0x00000000800003d1                Payback_Flag
                0x00000000800003d2                Run_Flag
                0x00000000800003d3                FirstWriteHeader
                0x00000000800003d4                ExitReturnState
                0x00000000800003d5                TempDay
                0x00000000800003d6                En_Write_Flag
                0x00000000800003d7                ADDFIX_Numeral
                0x00000000800003d8                Encryption_Key
                0x00000000800003e0                Total_2
                0x00000000800003e8                Coustomer_Id
                0x00000000800003e9                Lb_Flag
                0x00000000800003ea                TempMonth
                0x00000000800003ec                Stop_Vendor
                0x00000000800003ef                Point_Index
                0x00000000800003f0                CJ_CNT_OFF
                0x00000000800003f2                key_read
                0x00000000800003f4                ADC_DATA
                0x00000000800003f8                ShowDp
                0x00000000800003f9                OffsetCalibration
                0x00000000800003fa                datesmon
                0x00000000800003fc                Calc_Value1
                0x0000000080000400                datemyear
                0x0000000080000402                BAT_VALUE
                0x0000000080000404                EmptyAddressBarcodeWrite
                0x0000000080000408                CurserByte
                0x000000008000040c                Plu_Unit_Price
                0x0000000080000410                SelectDateTime
                0x0000000080000411                StringLenght
                0x0000000080000412                RetKeCode
                0x0000000080000418                Total_1
                0x0000000080000420                GXPos
                0x0000000080000421                StartToTransmition
                0x0000000080000424                FontAddress
                0x0000000080000428                MayadinTotal
                0x000000008000042c                Price
                0x0000000080000430                THERMAL_HEAD_VALUE
                0x0000000080000432                Prog_State
                0x0000000080000433                PrnCnt
                0x0000000080000438                Total_3
                0x0000000080000440                SerInputWrp
                0x0000000080000442                St_Auto_Rel
                0x0000000080000443                TheFirstEnterToMenu
                0x0000000080000444                SetBluetoothPincodeFlg
                0x0000000080000445                TempCnt
                0x0000000080000446                ReportMode
                0x0000000080000448                Tare_Weight_2
                0x000000008000044c                Show_Sign
                0x0000000080000450                Pre_Weight_1
                0x0000000080000454                startSave
                0x0000000080000458                TempDateTimeLong
                0x000000008000045c                Shut_Down
                0x000000008000045e                DownRange
                0x0000000080000460                Dc_Power_Good
                0x0000000080000462                PrnOutputRrp
                0x0000000080000464                LED_COUNTER
                0x0000000080000466                TempMin
                0x0000000080000467                PowerSaver
                0x0000000080000468                EnableLedShow
                0x0000000080000470                ZeroCheck
                0x0000000080000478                StartResolutionLog
                0x000000008000047a                Sale_Num
                0x000000008000047c                Mem_Flag
                0x000000008000047e                EE_ADRESS
                0x0000000080000480                Recive_Counter
                0x0000000080000481                OnOff_State
                0x0000000080000482                Save_Cal_Paramerets_Flag
                0x0000000080000483                key_pressed
                0x0000000080000484                Day
                0x0000000080000488                Generic_Counter3
                0x000000008000048c                TimeDateCounter
                0x000000008000048e                One_Gram
                0x000000008000048f                GetAdcSample
                0x0000000080000490                Clock_Source
                0x0000000080000492                ShledCnt
                0x0000000080000494                MsgTableSelect
                0x0000000080000498                indata
                0x000000008000049c                BatCounter
                0x000000008000049e                Is_Around_Tolerance
                0x00000000800004a0                WorkingTime
                0x00000000800004a4                direct_vendor
                0x00000000800004a5                LcdErrorTimeoutCounter
                0x00000000800004a8                Total_4
                0x00000000800004b0                key_cnt
                0x00000000800004b1                SetupCnt
                0x00000000800004b2                USBHostBusIsActived
                0x00000000800004b4                SystemVariables
                0x00000000800004b8                Plu_Number
                0x00000000800004ba                NetWorkSendApp
                0x00000000800004bb                requestZero
                0x00000000800004bc                DispData
                0x00000000800004c2                Func_Flag
                0x00000000800004c3                DoScanFlag
                0x00000000800004c4                En_Setup_Flag
                0x00000000800004c5                Year
                0x00000000800004c6                last_sample
                0x00000000800004c7                packServiced
                0x00000000800004c8                TcpSendCnt
                0x00000000800004ca                GlobalMenuState
                0x00000000800004cc                Calib_Unit_Index
                0x00000000800004cd                Bat_Power_Good
                0x00000000800004ce                Show_Decimal_Point
                0x00000000800004cf                WeightCalculated
                0x00000000800004d0                ADC_Ch_SW
                0x00000000800004d4                Digit_Index
                0x00000000800004d5                GetDateTimeAppReturnState
                0x00000000800004d8                in_data
                0x00000000800004e0                Total_8
                0x00000000800004e8                Mem_Code
                0x00000000800004ec                Show_Back_Zero
                0x00000000800004f0                NetworkTimeout
                0x00000000800004f4                sendNormal
                0x00000000800004f5                Refresh_Set
                0x00000000800004f6                ResLogCounter
                0x00000000800004f8                Count_Add
                0x00000000800004fc                Fi_Ind
                0x0000000080000500                TempDateEndReport
                0x0000000080000504                Month
                0x0000000080000508                LoadFactorDate
                0x000000008000050c                HidReadEnableFlag
                0x000000008000050d                Count_Flag
                0x000000008000050e                Set
                0x000000008000050f                Bat_Blink
                0x0000000080000510                maxadc
                0x0000000080000514                Kg_Flag
                0x0000000080000515                RtcErrorTimeoutCounter
                0x0000000080000516                key_no
                0x0000000080000517                DispStep
                0x0000000080000518                UpRange
                0x000000008000051a                sendSensitive
                0x000000008000051b                Show_Error_Value
                0x000000008000051c                CRC
                0x000000008000051e                isSensitiveScaleZero
                0x0000000080000520                Current_Date
                0x0000000080000524                Mask_Number
                0x0000000080000528                Calc_Value2
                0x000000008000052c                Pre_Weight_2
                0x0000000080000530                Cash_Open
                0x0000000080000531                GetHidPacket
                0x0000000080000534                PIntBuffer
                0x0000000080000538                Normal_State
                0x0000000080000539                Numeral_Vendor
                0x000000008000053a                Divition_Index
                0x000000008000053b                CountDown
                0x000000008000053c                DC_VALUE
                0x000000008000053e                Bat_Flag
                0x0000000080000540                OffCounter
                0x0000000080000542                Generic_Counter
                0x0000000080000544                CashCnt
                0x0000000080000546                FindBarcodeFlag
                0x0000000080000547                Key_Column_Counter
                0x0000000080000548                Net_Send_Flag
                0x000000008000054c                Current_Time
                0x0000000080000550                AddToList
                0x0000000080000558                Total_6
                0x0000000080000560                BarCodeEmptyPlu_Number
                0x0000000080000562                prnbuf
                0x0000000080000563                disp_mask
                0x0000000080000564                ModeSelect
                0x0000000080000565                SwitchWeight
                0x0000000080000566                CalibSettingState
                0x0000000080000567                Mask_Weight
                0x0000000080000568                TempYear
                0x000000008000056a                CJ_CNT_ON
                0x000000008000056c                netBiosName
                0x0000000080000570                datesday
                0x0000000080000572                PrnOutputWrp
                0x0000000080000574                datemday
                0x0000000080000575                Send_Flag
                0x0000000080000576                _sbss_end = .
                0x0000000080000578                . = ALIGN (0x4)
 *fill*         0x0000000080000576        0x2 

.bss            0x0000000080000578     0x51a4
 *(.dynbss)
 *(COMMON)
 COMMON         0x0000000080000578        0xa build/default/debug/mcc_generated_files/uart3.o
                0x0000000080000578                TempBuffer
 *fill*         0x0000000080000582        0x6 
 COMMON         0x0000000080000588     0x5194 build/default/debug/main.o
                0x0000000080000588                sPack
                0x00000000800005c0                KalaInfo
                0x0000000080000608                mm
                0x0000000080000618                Video_Ram_Backup
                0x0000000080000638                Prn_Write_Buf
                0x0000000080000700                OutPut
                0x0000000080000734                Prn_Read_Buf
                0x00000000800016d4                WriteBuffer
                0x00000000800017d4                Sales_SaleOff
                0x000000008000186c                ReadBuffer
                0x000000008000206c                Ser_Write_Buf
                0x0000000080002134                Sales_PluTax
                0x00000000800021cc                Sales_PluUnit
                0x0000000080002264                ss
                0x0000000080002274                BarcodeTempReciveCode
                0x000000008000228c                Sale_Weights
                0x00000000800024e4                WriteMessageBuffer
                0x0000000080002518                Sale_Prices
                0x0000000080002770                sensitiveScaleDataPack
                0x00000000800027a4                appData
                0x00000000800027fc                mld
                0x000000008000280c                Sale_Rows
                0x00000000800028a8                CalibrationParametes
                0x00000000800028f8                SystemParm
                0x0000000080002cb0                Sale_Unit_Prices
                0x0000000080002f08                Sale_Plues
                0x0000000080003034                Sales_PluType
                0x00000000800030cc                Sales_Modes
                0x0000000080003164                FlashData
                0x0000000080003178                TempKalaInfo
                0x00000000800031c0                TempBarcodeData
                0x00000000800031cc                shm
                0x00000000800031dc                ImportFilePath
                0x0000000080003240                Sales_PluCode
                0x0000000080003498                DataPack
                0x00000000800034cc                WeightStruc
                0x00000000800035c4                fir_ftr
                0x00000000800035e4                Input
                0x0000000080003648                ExportFilePath
                0x00000000800036ac                SellDataRow
                0x00000000800036d0                GlobalTempMemory
                0x00000000800046d0                KeyCnt
                0x0000000080004708                Total_Price
                0x0000000080004714                Ser_Read_Buf
                0x00000000800056b4                BarcodeData
                0x00000000800056c0                keybuff
                0x00000000800056fc                PrnToBuff
                0x000000008000571c                . = ALIGN ((. != 0x0)?0x4:0x1)
                0x000000008000571c                . = ALIGN (0x4)
                0x000000008000571c                _end = .
                0x000000008000571c                _bss_end = .
                0x0000000000008000                _bmxdudba_address = LENGTH (kseg0_data_mem)
                0x0000000000008000                _bmxdupba_address = LENGTH (kseg0_data_mem)

/DISCARD/
 *(.pdr)
 *(.rel.dyn)
 *(.note.GNU-stack)
 *(.note.GNU-stack)
 *(.gnu_debuglink)
 *(.gnu.lto_*)
 *(.discard)

.gptab.sdata
 *(.gptab.data)
 *(.gptab.sdata)

.gptab.sbss
 *(.gptab.bss)
 *(.gptab.sbss)

.mdebug.abi32   0x0000000000000000        0x0
 *(.mdebug.abi32)
 .mdebug.abi32  0x0000000000000000        0x0 c:/program files/microchip/xc32/v3.01/bin/bin/../../lib/gcc/pic32mx/8.3.1/../../../../pic32mx/lib/micromips\software-debug-break.o
 .mdebug.abi32  0x0000000000000000        0x0 build/default/debug/mcc_generated_files/usb/usb_host.o
 .mdebug.abi32  0x0000000000000000        0x0 build/default/debug/mcc_generated_files/usb/usb_host_hid.o
 .mdebug.abi32  0x0000000000000000        0x0 build/default/debug/mcc_generated_files/usb/usb_host_hid_parser.o
 .mdebug.abi32  0x0000000000000000        0x0 build/default/debug/mcc_generated_files/usb/usb_host_config.o
 .mdebug.abi32  0x0000000000000000        0x0 build/default/debug/mcc_generated_files/usb/usb_host_events.o
 .mdebug.abi32  0x0000000000000000        0x0 build/default/debug/mcc_generated_files/system.o
 .mdebug.abi32  0x0000000000000000        0x0 build/default/debug/mcc_generated_files/clock.o
 .mdebug.abi32  0x0000000000000000        0x0 build/default/debug/mcc_generated_files/exceptions.o
 .mdebug.abi32  0x0000000000000000        0x0 build/default/debug/mcc_generated_files/interrupt_manager.o
 .mdebug.abi32  0x0000000000000000        0x0 build/default/debug/mcc_generated_files/mcc.o
 .mdebug.abi32  0x0000000000000000        0x0 build/default/debug/mcc_generated_files/pin_manager.o
 .mdebug.abi32  0x0000000000000000        0x0 build/default/debug/mcc_generated_files/rtcc.o
 .mdebug.abi32  0x0000000000000000        0x0 build/default/debug/mcc_generated_files/adc1.o
 .mdebug.abi32  0x0000000000000000        0x0 build/default/debug/mcc_generated_files/ext_int.o
 .mdebug.abi32  0x0000000000000000        0x0 build/default/debug/mcc_generated_files/spi2.o
 .mdebug.abi32  0x0000000000000000        0x0 build/default/debug/mcc_generated_files/tmr1.o
 .mdebug.abi32  0x0000000000000000        0x0 build/default/debug/mcc_generated_files/uart2.o
 .mdebug.abi32  0x0000000000000000        0x0 build/default/debug/mcc_generated_files/uart3.o
 .mdebug.abi32  0x0000000000000000        0x0 build/default/debug/main.o
 .mdebug.abi32  0x0000000000000000        0x0 build/default/debug/init.o
 .mdebug.abi32  0x0000000000000000        0x0 build/default/debug/display.o
 .mdebug.abi32  0x0000000000000000        0x0 build/default/debug/adc.o
 .mdebug.abi32  0x0000000000000000        0x0 build/default/debug/mcc_generated_files/memory/flash.o
 .mdebug.abi32  0x0000000000000000        0x0 c:/program files/microchip/xc32/v3.01/bin/bin/../../lib/gcc/pic32mx/8.3.1/micromips\libgcc.a(floatunsidf.o)
 .mdebug.abi32  0x0000000000000000        0x0 c:/program files/microchip/xc32/v3.01/bin/bin/../../lib/gcc/pic32mx/8.3.1/../../../../pic32mx/lib/micromips\libpic32.a(default-bootstrap-exception-handler.o)
 .mdebug.abi32  0x0000000000000000        0x0 c:/program files/microchip/xc32/v3.01/bin/bin/../../lib/gcc/pic32mx/8.3.1/../../../../pic32mx/lib/micromips\libpic32.a(default-on-reset.o)
 .mdebug.abi32  0x0000000000000000        0x0 c:/program files/microchip/xc32/v3.01/bin/bin/../../lib/gcc/pic32mx/8.3.1/../../../../pic32mx/lib/micromips\libpic32.a(default-on-bootstrap.o)
 .mdebug.abi32  0x0000000000000000        0x0 c:/program files/microchip/xc32/v3.01/bin/bin/../../lib/gcc/pic32mx/8.3.1/../../../../pic32mx/lib/micromips\libpic32.a(defaultinterrupt.o)
 .mdebug.abi32  0x0000000000000000        0x0 c:/program files/microchip/xc32/v3.01/bin/bin/../../lib/gcc/pic32mx/8.3.1/../../../../pic32mx/lib/micromips\liblega-c.a(malloc.o)
 .mdebug.abi32  0x0000000000000000        0x0 c:/program files/microchip/xc32/v3.01/bin/bin/../../lib/gcc/pic32mx/8.3.1/../../../../pic32mx/lib/micromips\liblega-c.a(errno.o)
 .mdebug.abi32  0x0000000000000000        0x0 c:/program files/microchip/xc32/v3.01/bin/bin/../../lib/gcc/pic32mx/8.3.1/../../../../pic32mx/lib/micromips\libm.a(w_log.o)
 .mdebug.abi32  0x0000000000000000        0x0 c:/program files/microchip/xc32/v3.01/bin/bin/../../lib/gcc/pic32mx/8.3.1/../../../../pic32mx/lib/micromips\libm.a(s_lib_ver.o)
 .mdebug.abi32  0x0000000000000000        0x0 c:/program files/microchip/xc32/v3.01/bin/bin/../../lib/gcc/pic32mx/8.3.1/../../../../pic32mx/lib/micromips\libpic32.a(sbrk.o)
 .mdebug.abi32  0x0000000000000000        0x0 c:/program files/microchip/xc32/v3.01/bin/bin/../../lib/gcc/pic32mx/8.3.1/../../../../pic32mx/lib/micromips\libpic32.a(isinf.o)
 .mdebug.abi32  0x0000000000000000        0x0 c:/program files/microchip/xc32/v3.01/bin/bin/../../lib/gcc/pic32mx/8.3.1/../../../../pic32mx/lib/micromips\libe.a(_unorddf2.o)

.mdebug.abiN32
 *(.mdebug.abiN32)

.mdebug.abi64
 *(.mdebug.abi64)

.mdebug.abiO64
 *(.mdebug.abiO64)

.mdebug.eabi32
 *(.mdebug.eabi32)

.mdebug.eabi64
 *(.mdebug.eabi64)

.gcc_compiled_long32
 *(.gcc_compiled_long32)

.gcc_compiled_long64
 *(.gcc_compiled_long64)

.stab
 *(.stab)

.stabstr
 *(.stabstr)

.stab.excl
 *(.stab.excl)

.stab.exclstr
 *(.stab.exclstr)

.stab.index
 *(.stab.index)

.stab.indexstr
 *(.stab.indexstr)

.comment        0x0000000000000000      0x184
 *(.comment)
 .comment       0x0000000000000000       0x53 c:/program files/microchip/xc32/v3.01/bin/bin/../../lib/gcc/pic32mx/8.3.1/../../../../pic32mx/lib/micromips\software-debug-break.o
                                         0x54 (size before relaxing)
 .comment       0x0000000000000053       0x54 build/default/debug/mcc_generated_files/usb/usb_host.o
 .comment       0x0000000000000053       0x54 build/default/debug/mcc_generated_files/usb/usb_host_hid.o
 .comment       0x0000000000000053       0x54 build/default/debug/mcc_generated_files/usb/usb_host_hid_parser.o
 .comment       0x0000000000000053       0x54 build/default/debug/mcc_generated_files/usb/usb_host_config.o
 .comment       0x0000000000000053       0x54 build/default/debug/mcc_generated_files/usb/usb_host_events.o
 .comment       0x0000000000000053       0x54 build/default/debug/mcc_generated_files/system.o
 .comment       0x0000000000000053       0x54 build/default/debug/mcc_generated_files/clock.o
 .comment       0x0000000000000053       0x54 build/default/debug/mcc_generated_files/exceptions.o
 .comment       0x0000000000000053       0x54 build/default/debug/mcc_generated_files/interrupt_manager.o
 .comment       0x0000000000000053       0x54 build/default/debug/mcc_generated_files/mcc.o
 .comment       0x0000000000000053       0x54 build/default/debug/mcc_generated_files/pin_manager.o
 .comment       0x0000000000000053       0x54 build/default/debug/mcc_generated_files/rtcc.o
 .comment       0x0000000000000053       0x54 build/default/debug/mcc_generated_files/adc1.o
 .comment       0x0000000000000053       0x54 build/default/debug/mcc_generated_files/ext_int.o
 .comment       0x0000000000000053       0x54 build/default/debug/mcc_generated_files/spi2.o
 .comment       0x0000000000000053       0x54 build/default/debug/mcc_generated_files/tmr1.o
 .comment       0x0000000000000053       0x54 build/default/debug/mcc_generated_files/uart2.o
 .comment       0x0000000000000053       0x54 build/default/debug/mcc_generated_files/uart3.o
 .comment       0x0000000000000053       0x54 build/default/debug/main.o
 .comment       0x0000000000000053       0x54 build/default/debug/init.o
 .comment       0x0000000000000053       0x54 build/default/debug/display.o
 .comment       0x0000000000000053       0x54 build/default/debug/adc.o
 .comment       0x0000000000000053       0x54 build/default/debug/mcc_generated_files/memory/flash.o
 .comment       0x0000000000000053       0x54 c:/program files/microchip/xc32/v3.01/bin/bin/../../lib/gcc/pic32mx/8.3.1/micromips\libgcc.a(floatunsidf.o)
 .comment       0x0000000000000053       0x18 c:/program files/microchip/xc32/v3.01/bin/bin/../../lib/gcc/pic32mx/8.3.1/../../../../pic32mx/lib/micromips\libpic32.a(memset.o)